




















nlp on î‚  gcil2021 [?] via go v1.15.8 
$ls
LICENSE.txt  nlp.go  README.md

nlp on î‚  gcil2021 [?] via go v1.15.8 
$ go mod init github.com/353solutions/nlp
go: creating new go.mod: module github.com/353solutions/nlp

nlp on î‚  gcil2021 [?] via go v1.15.8 
$ tree
.
â”œâ”€â”€ go.mod
â”œâ”€â”€ LICENSE.txt
â”œâ”€â”€ nlp.go
â””â”€â”€ README.md

0 directories, 4 files

nlp on î‚  gcil2021 [?] via go v1.15.8 
$ go doc .
package nlp // import "github.com/353solutions/nlp"

func Tokenize(text string) []string
nlp on î‚  gcil2021 [?] via go v1.15.8 
â® go doc .
package nlp // import "github.com/353solutions/nlp"

func Tokenize(text string) []string

nlp on î‚  gcil2021 [?] via go v1.15.8 
$ go doc Tokenize
package nlp // import "."

func Tokenize(text string) []string
    Tokenize returns list of tokens in text


nlp on î‚  gcil2021 [?] via go v1.15.8 
$ go doc .       
package nlp // import "github.com/353solutions/nlp"


    Package nlp provides simple natural language processing utilities for Go
...

func Tokenize(text string) []string
nlp on î‚  gcil2021 [?] via go v1.15.8 
$ go test -v
go: finding module for package github.com/353solutions.com/nlp
# github.com/353solutions/nlp
example_test.go:6:2: cannot find module providing package github.com/353solutions.com/nlp: module github.com/353solutions.com/nlp: git ls-remote -q origin in /home/miki/go/pkg/mod/cache/vcs/af32e3b6ffbeaa2b6806a56d1df8044887cac3d45ad58127676f026177b0dbcd: exit status 128:
	fatal: could not read Username for 'https://github.com': terminal prompts disabled
Confirm the import path was entered correctly.
If this is a private repository, see https://golang.org/doc/faq#git_https for additional information.
FAIL	github.com/353solutions/nlp [setup failed]

nlp on î‚  gcil2021 [?] via go v1.15.8 
$ cat go.mod                                                                                                1 â†µ
module github.com/353solutions/nlp

go 1.15

nlp on î‚  gcil2021 [?] via go v1.15.8 
$ ls
doc.go  example_test.go  go.mod  LICENSE.txt  nlp.go  README.md
nlp on î‚  gcil2021 [?] via go v1.15.8 
$ cat example_test.go 
package nlp

import (
	"fmt"

	"github.com/353solutions.com/nlp"
)

func ExampleTokenize() {
	text := "Hi, how are you feeling today?"
	tokens := nlp.Tokenize(text)
	fmt.Println(tokens)

	// Output:
	// [hi how are you feeling today]
}

nlp on î‚  gcil2021 [?] via go v1.15.8 
$ go test -v         # github.com/353solutions/nlp
package github.com/353solutions/nlp (test)
	imports github.com/353solutions/nlp: import cycle not allowed in test
FAIL	github.com/353solutions/nlp [setup failed]

nlp on î‚  gcil2021 [?] via go v1.15.8 
$ go test -v                                                                                                1 â†µ
=== RUN   ExampleTokenize
--- PASS: ExampleTokenize (0.00s)
PASS
ok  	github.com/353solutions/nlp	0.002s

nlp on î‚  gcil2021 [?] via go v1.15.8 
$ go test -v
=== RUN   ExampleTokenize
--- FAIL: ExampleTokenize (0.00s)
got:
[hi how are you feeling today]
want:
[hi how you feeling today]
FAIL
exit status 1
FAIL	github.com/353solutions/nlp	0.002s
nlp on î‚  gcil2021 [?] via go v1.15.8 
$ curl -LO gopkg.in/yaml.v2                                                                                 1 â†µ
  % Total    % Received % Xferd  Average Speed   Time    Time     Time  Current
                                 Dload  Upload   Total   Spent    Left  Speed
100   282  100   282    0     0    909      0 --:--:-- --:--:-- --:--:--   912
100  3684    0  3684    0     0    921      0 --:--:--  0:00:03 --:--:--  1518

nlp on î‚  gcil2021 [?] via go v1.15.8 took 4s 
â® curl -L gopkg.in/yaml.v2 
^C

nlp on î‚  gcil2021 [?] via go v1.15.8 took 3s 
â® curl -i gopkg.in/yaml.v2                                                                                130 â†µ
HTTP/1.1 302 Found
Date: Thu, 11 Feb 2021 08:17:01 GMT
Server: Apache/2.4.29 (Ubuntu)
Location: https://gopkg.in/yaml.v2
Content-Length: 282
Content-Type: text/html; charset=iso-8859-1

<!DOCTYPE HTML PUBLIC "-//IETF//DTD HTML 2.0//EN">
<html><head>
<title>302 Found</title>
</head><body>
<h1>Found</h1>
<p>The document has moved <a href="https://gopkg.in/yaml.v2">here</a>.</p>
<hr>
<address>Apache/2.4.29 (Ubuntu) Server at gopkg.in Port 80</address>
</body></html>
nlp on î‚  gcil2021 [?] via go v1.15.8 
$ curl -i https://gopkg.in/yaml.v2
HTTP/1.1 200 OK
Date: Thu, 11 Feb 2021 08:17:15 GMT
Server: Apache/2.4.29 (Ubuntu)
Content-Type: text/html
Vary: Accept-Encoding
Transfer-Encoding: chunked

<!DOCTYPE html>
<html >
	<head>
		<meta charset="utf-8">
		<title>yaml.v2 - gopkg.in/yaml.v2</title>
		<link href='//fonts.googleapis.com/css?family=Ubuntu+Mono|Ubuntu' rel='stylesheet' >
		<link href="//netdna.bootstrapcdn.com/font-awesome/4.0.3/css/font-awesome.css" rel="stylesheet" >
		<link href="//netdna.bootstrapcdn.com/bootstrap/3.1.1/css/bootstrap.min.css" rel="stylesheet" >
		<style>
			html,
			body {
				height: 100%;
			}

			@media (min-width: 1200px) {
				.container {
					width: 970px;
				}
			}

			body {
				font-family: 'Ubuntu', sans-serif;
			}

			pre {
				font-family: 'Ubuntu Mono', sans-serif;
			}

			.main {
				padding-top: 20px;
			}

			.buttons a {
				width: 100%;
				text-align: left;
				margin-bottom: 5px;
			}

			.getting-started div {
				padding-top: 12px;
			}

			.getting-started p, .synopsis p {
				font-size: 1.3em;
			}

			.getting-started pre {
				font-size: 15px;
			}

			.versions {
				font-size: 1.3em;
			}
			.versions div {
				padding-top: 5px;
			}
			.versions a {
				font-weight: bold;
			}
			.versions a.current {
				color: black;
				font-decoration: none;
			}

			 
			#wrap {
				min-height: 100%;
				height: auto !important;
				height: 100%;
				 
				margin: 0 auto -40px;
			}

			 
			#footer {
				height: 40px;
				background-color: #eee;
				padding-top: 8px;
				text-align: center;
			}

			 
			@media (max-width: 767px) {
				#footer {
					margin-left: -20px;
					margin-right: -20px;
					padding-left: 20px;
					padding-right: 20px;
				}
			}
		</style>
	</head>
	<body>
		<script type="text/javascript">
			
			if (window.location.hash.length > 1) {
				window.location = "https://godoc.org/gopkg.in\/yaml.v2" + window.location.hash;
			}
		</script>
		<div id="wrap" >
			<div class="container" >
				<div class="row" >
					<div class="col-sm-12" >
						<div class="page-header">
							<h1>gopkg.in/yaml.v2</h1>
							
						</div>
					</div>
				</div>
				
				<div class="row" >
					<div class="col-sm-12" >
						<a class="btn btn-lg btn-info" href="https://github.com/go-yaml/yaml/tree/v2.4.0" ><i class="fa fa-github"></i> Source Code</a>
						<a class="btn btn-lg btn-info" href="https://godoc.org/gopkg.in/yaml.v2" ><i class="fa fa-info-circle"></i> API Documentation</a>
					</div>
				</div>
				<div class="row main" >
					<div class="col-sm-8 info" >
						<div class="getting-started" >
							<h2>Getting started</h2>
							<div>
								<p>To get the package, execute:</p>
								<pre>go get gopkg.in/yaml.v2</pre>
							</div>
							<div>
								<p>To import this package, add the following line to your code:</p>
								<pre>import "gopkg.in/yaml.v2"</pre>
								
							</div>
							<div>
								<p>For more details, see the API documentation.</p>
							</div>
						</div>
					</div>
					<div class="col-sm-3 col-sm-offset-1 versions" >
						<h2>Versions</h2>
						
							
								<div>
									<a href="//gopkg.in/yaml.v3" >v3</a>
									&rarr;
									<span class="label label-default">v3</span>
								</div>
							
								<div>
									<a href="//gopkg.in/yaml.v2" class="current">v2</a>
									&rarr;
									<span class="label label-default">v2.4.0</span>
								</div>
							
								<div>
									<a href="//gopkg.in/yaml.v1" >v1</a>
									&rarr;
									<span class="label label-default">v1</span>
								</div>
							
						
					</div>
				</div>
			</div>
		</div>

		<div id="footer">
			<div class="container">
				<div class="row">
					<div class="col-sm-12">
						<p class="text-muted credit"><a href="https://gopkg.in">gopkg.in<a></p>
					</div>
				</div>
			</div>
		</div>

		
		
	</body>
</html>%                                                                                                       
nlp on î‚  gcil2021 [?] via go v1.15.8 took 3s 
$ ls
doc.go  example_test.go  go.mod  LICENSE.txt  nlp.go  README.md  yaml.v2

nlp on î‚  gcil2021 [?] via go v1.15.8 
$ rm yaml.v2 

nlp on î‚  gcil2021 [?] via go v1.15.8 
$ go test -v
go: finding module for package github.com/353solutions/nlp
# github.com/353solutions/nlp2
example_test.go:6:2: module github.com/353solutions/nlp@latest found (v0.0.0-20190512081133-8439268a6919), but does not contain package github.com/353solutions/nlp
FAIL	github.com/353solutions/nlp2 [setup failed]

nlp on î‚  gcil2021 [?] via go v1.15.8 
$ go test -v                                                                                                1 â†µ
# github.com/353solutions/nlp2_test [github.com/353solutions/nlp2.test]
./example_test.go:6:2: imported and not used: "github.com/353solutions/nlp2" as nlp
./example_test.go:11:12: undefined: nlp2
FAIL	github.com/353solutions/nlp2 [build failed]
nlp on î‚  gcil2021 [?] via go v1.15.8 
$ go test -v                                                                                                2 â†µ
=== RUN   ExampleTokenize
--- PASS: ExampleTokenize (0.00s)
PASS
ok  	github.com/353solutions/nlp2	0.003s

nlp on î‚  gcil2021 [?] via go v1.15.8 
$ tree
.
â”œâ”€â”€ doc.go
â”œâ”€â”€ example_test.go
â”œâ”€â”€ go.mod
â”œâ”€â”€ go.sum
â”œâ”€â”€ LICENSE.txt
â”œâ”€â”€ nlp.go
â””â”€â”€ README.md

0 directories, 7 files

nlp on î‚  gcil2021 [?] via go v1.15.8 
$go build

nlp on î‚  gcil2021 [?] via go v1.15.8 
â® go build

nlp on î‚  gcil2021 [?] via go v1.15.8 
$ go test -v
go: finding module for package github.com/stretchr/testify/require
go: found github.com/stretchr/testify/require in github.com/stretchr/testify v1.7.0
=== RUN   TestTokenize
=== RUN   TestTokenize/<empty>
    nlp_test.go:29: 
        	Error Trace:	nlp_test.go:29
        	Error:      	Not equal: 
        	            	expected: []string{}
        	            	actual  : []string(nil)
        	            	
        	            	Diff:
        	            	--- Expected
        	            	+++ Actual
        	            	@@ -1,3 +1,2 @@
        	            	-([]string) {
        	            	-}
        	            	+([]string) <nil>
        	            	 
        	Test:       	TestTokenize/<empty>
=== RUN   TestTokenize/hi
=== RUN   TestTokenize/HI
=== RUN   TestTokenize/Who's_on_first?
--- FAIL: TestTokenize (0.00s)
    --- FAIL: TestTokenize/<empty> (0.00s)
    --- PASS: TestTokenize/hi (0.00s)
    --- PASS: TestTokenize/HI (0.00s)
    --- PASS: TestTokenize/Who's_on_first? (0.00s)
=== RUN   ExampleTokenize
--- PASS: ExampleTokenize (0.00s)
FAIL
exit status 1
FAIL	github.com/353solutions/nlp	0.004s
nlp on î‚  gcil2021 [?] via go v1.15.8 
$ go test -v                                                                                                1 â†µ
=== RUN   TestTokenize
=== RUN   TestTokenize/<empty>
    nlp_test.go:29: 
        	Error Trace:	nlp_test.go:29
        	Error:      	Not equal: 
        	            	expected: []string{}
        	            	actual  : []string(nil)
        	            	
        	            	Diff:
        	            	--- Expected
        	            	+++ Actual
        	            	@@ -1,3 +1,2 @@
        	            	-([]string) {
        	            	-}
        	            	+([]string) <nil>
        	            	 
        	Test:       	TestTokenize/<empty>
=== RUN   TestTokenize/hi
=== RUN   TestTokenize/HI
=== RUN   TestTokenize/Who's_on_first?
--- FAIL: TestTokenize (0.00s)
    --- FAIL: TestTokenize/<empty> (0.00s)
    --- PASS: TestTokenize/hi (0.00s)
    --- PASS: TestTokenize/HI (0.00s)
    --- PASS: TestTokenize/Who's_on_first? (0.00s)
=== RUN   ExampleTokenize
--- PASS: ExampleTokenize (0.00s)
FAIL
exit status 1
FAIL	github.com/353solutions/nlp	0.005s
nlp on î‚  gcil2021 [?] via go v1.15.8 
$ go test -v                                                                                                1 â†µ
=== RUN   TestTokenize
=== RUN   TestTokenize/<empty>
=== RUN   TestTokenize/hi
=== RUN   TestTokenize/HI
=== RUN   TestTokenize/Who's_on_first?
--- PASS: TestTokenize (0.00s)
    --- PASS: TestTokenize/<empty> (0.00s)
    --- PASS: TestTokenize/hi (0.00s)
    --- PASS: TestTokenize/HI (0.00s)
    --- PASS: TestTokenize/Who's_on_first? (0.00s)
=== RUN   ExampleTokenize
--- PASS: ExampleTokenize (0.00s)
PASS
ok  	github.com/353solutions/nlp	0.010s

nlp on î‚  gcil2021 [?] via go v1.15.8 
$ go test -v
# github.com/353solutions/nlp [github.com/353solutions/nlp.test]
./nlp_test.go:15:10: missing type in composite literal
FAIL	github.com/353solutions/nlp [build failed]
nlp on î‚  gcil2021 [?] via go v1.15.8 
â® go test -v                                                                                                2 â†µ
Before main
=== RUN   TestTokenize
=== RUN   TestTokenize/<empty>
=== RUN   TestTokenize/hi
=== RUN   TestTokenize/HI
=== RUN   TestTokenize/Who's_on_first?
--- PASS: TestTokenize (0.00s)
    --- PASS: TestTokenize/<empty> (0.00s)
    --- PASS: TestTokenize/hi (0.00s)
    --- PASS: TestTokenize/HI (0.00s)
    --- PASS: TestTokenize/Who's_on_first? (0.00s)
=== RUN   ExampleTokenize
--- PASS: ExampleTokenize (0.00s)
PASS
After main
ok  	github.com/353solutions/nlp	0.004s

nlp on î‚  gcil2021 [?] via go v1.15.8 
$ cp ../data/tokenizer_cases.json .
nlp on î‚  gcil2021 [?] via go v1.15.8 
$ tree
.
â”œâ”€â”€ doc.go
â”œâ”€â”€ example_test.go
â”œâ”€â”€ go.mod
â”œâ”€â”€ go.sum
â”œâ”€â”€ LICENSE.txt
â”œâ”€â”€ nlp.go
â”œâ”€â”€ nlp_test.go
â”œâ”€â”€ README.md
â””â”€â”€ tokenizer_cases.json

0 directories, 9 files

nlp on î‚  gcil2021 [?] via go v1.15.8 
$ git add .

nlp on î‚  gcil2021 [+] via go v1.15.8 
$ git ci -m 'start of testing'
[gcil2021 6bc1e4e] start of testing
 7 files changed, 110 insertions(+)
 create mode 100644 doc.go
 create mode 100644 example_test.go
 create mode 100644 go.mod
 create mode 100644 go.sum
 create mode 100644 nlp.go
 create mode 100644 nlp_test.go
 create mode 100644 tokenizer_cases.json
nlp on î‚  gcil2021 [â‡¡] via go v1.15.8 
$ git push
Enumerating objects: 10, done.
Counting objects: 100% (10/10), done.
Delta compression using up to 4 threads
Compressing objects: 100% (9/9), done.
Writing objects: 100% (9/9), 2.27 KiB | 2.27 MiB/s, done.
Total 9 (delta 0), reused 1 (delta 0), pack-reused 0
To github.com:353solutions/nlp.git
   8439268..6bc1e4e  gcil2021 -> gcil2021

nlp on î‚  gcil2021 via go v1.15.8 took 3s 
$ tree
.
â”œâ”€â”€ doc.go
â”œâ”€â”€ example_test.go
â”œâ”€â”€ go.mod
â”œâ”€â”€ go.sum
â”œâ”€â”€ LICENSE.txt
â”œâ”€â”€ nlp.go
â”œâ”€â”€ nlp_test.go
â”œâ”€â”€ README.md
â””â”€â”€ tokenizer_cases.json

0 directories, 9 files
nlp on î‚  gcil2021 [!] via go v1.15.8 
$ mkdir data 

nlp on î‚  gcil2021 [!] via go v1.15.8 
$ go test -v
# github.com/353solutions/nlp [github.com/353solutions/nlp.test]
./nlp_test.go:4:2: imported and not used: "encoding/json"
FAIL	github.com/353solutions/nlp [build failed]

nlp on î‚  gcil2021 [!] via go v1.15.8 
$ go test -v                                                                                                2 â†µ
# github.com/353solutions/nlp [github.com/353solutions/nlp.test]
./nlp_test.go:18:1: missing return at end of function
FAIL	github.com/353solutions/nlp [build failed]

nlp on î‚  gcil2021 [!] via go v1.15.8 
$ go test -v                                                                                                2 â†µ
Before main
=== RUN   TestTokenize
=== RUN   TestTokenize/<empty>
=== RUN   TestTokenize/hi
=== RUN   TestTokenize/HI
=== RUN   TestTokenize/Who's_on_first?
--- PASS: TestTokenize (0.00s)
    --- PASS: TestTokenize/<empty> (0.00s)
    --- PASS: TestTokenize/hi (0.00s)
    --- PASS: TestTokenize/HI (0.00s)
    --- PASS: TestTokenize/Who's_on_first? (0.00s)
=== RUN   ExampleTokenize
--- PASS: ExampleTokenize (0.00s)
PASS
After main
ok  	github.com/353solutions/nlp	0.005s
nlp on î‚  gcil2021 [!] via go v1.15.8 
$ go build ./...

nlp on î‚  gcil2021 [!] via go v1.15.8 
$ ls
data    example_test.go  go.sum       nlp.go       README.md
doc.go  go.mod           LICENSE.txt  nlp_test.go  tokenizer_cases.json

nlp on î‚  gcil2021 [!] via go v1.15.8 
$ mv data testdata

nlp on î‚  gcil2021 [!] via go v1.15.8 
$ mv tokenizer_cases.json testdata 

nlp on î‚  gcil2021 [âœ˜!?] via go v1.15.8 
$ tree
.
â”œâ”€â”€ doc.go
â”œâ”€â”€ example_test.go
â”œâ”€â”€ go.mod
â”œâ”€â”€ go.sum
â”œâ”€â”€ LICENSE.txt
â”œâ”€â”€ nlp.go
â”œâ”€â”€ nlp_test.go
â”œâ”€â”€ README.md
â””â”€â”€ testdata
    â””â”€â”€ tokenizer_cases.json

1 directory, 9 files
nlp on î‚  gcil2021 [âœ˜!?] via go v1.15.8 
$ tree
.
â”œâ”€â”€ doc.go
â”œâ”€â”€ example_test.go
â”œâ”€â”€ go.mod
â”œâ”€â”€ go.sum
â”œâ”€â”€ LICENSE.txt
â”œâ”€â”€ nlp.go
â”œâ”€â”€ nlp_test.go
â”œâ”€â”€ README.md
â””â”€â”€ testdata
    â””â”€â”€ tokenizer_cases.json

1 directory, 9 files

nlp on î‚  gcil2021 [âœ˜!?] via go v1.15.8 
$ go test -v                      
# github.com/353solutions/nlp [github.com/353solutions/nlp.test]
./nlp_test.go:46:38: not enough arguments in call to loadTokenizeCases
	have (*testing.T)
	want (*testing.T, string)
FAIL	github.com/353solutions/nlp [build failed]
nlp on î‚  gcil2021 [âœ˜!?] via go v1.15.8 
$ go test -v                                                                                                2 â†µ
Before main
=== RUN   TestTokenize
=== RUN   TestTokenize/<empty>
=== RUN   TestTokenize/<empty>#01
=== RUN   TestTokenize/<empty>#02
=== RUN   TestTokenize/<empty>#03
--- PASS: TestTokenize (0.00s)
    --- PASS: TestTokenize/<empty> (0.00s)
    --- PASS: TestTokenize/<empty>#01 (0.00s)
    --- PASS: TestTokenize/<empty>#02 (0.00s)
    --- PASS: TestTokenize/<empty>#03 (0.00s)
=== RUN   ExampleTokenize
--- PASS: ExampleTokenize (0.00s)
PASS
After main
ok  	github.com/353solutions/nlp	0.003s

nlp on î‚  gcil2021 [âœ˜!?] via go v1.15.8 
$ go test -vBefore main
=== RUN   TestTokenize
=== RUN   TestTokenize/hi
    nlp_test.go:55: 
        	Error Trace:	nlp_test.go:55
        	Error:      	Not equal: 
        	            	expected: []string(nil)
        	            	actual  : []string{"hi"}
        	            	
        	            	Diff:
        	            	--- Expected
        	            	+++ Actual
        	            	@@ -1,2 +1,4 @@
        	            	-([]string) <nil>
        	            	+([]string) (len=1) {
        	            	+ (string) (len=2) "hi"
        	            	+}
        	            	 
        	Test:       	TestTokenize/hi
=== RUN   TestTokenize/HI
    nlp_test.go:55: 
        	Error Trace:	nlp_test.go:55
        	Error:      	Not equal: 
        	            	expected: []string(nil)
        	            	actual  : []string{"hi"}
        	            	
        	            	Diff:
        	            	--- Expected
        	            	+++ Actual
        	            	@@ -1,2 +1,4 @@
        	            	-([]string) <nil>
        	            	+([]string) (len=1) {
        	            	+ (string) (len=2) "hi"
        	            	+}
        	            	 
        	Test:       	TestTokenize/HI
=== RUN   TestTokenize/What's_on_second?
    nlp_test.go:55: 
        	Error Trace:	nlp_test.go:55
        	Error:      	Not equal: 
        	            	expected: []string(nil)
        	            	actual  : []string{"what", "s", "on", "second"}
        	            	
        	            	Diff:
        	            	--- Expected
        	            	+++ Actual
        	            	@@ -1,2 +1,7 @@
        	            	-([]string) <nil>
        	            	+([]string) (len=4) {
        	            	+ (string) (len=4) "what",
        	            	+ (string) (len=1) "s",
        	            	+ (string) (len=2) "on",
        	            	+ (string) (len=6) "second"
        	            	+}
        	            	 
        	Test:       	TestTokenize/What's_on_second?
=== RUN   TestTokenize/<empty>
--- FAIL: TestTokenize (0.00s)
    --- FAIL: TestTokenize/hi (0.00s)
    --- FAIL: TestTokenize/HI (0.00s)
    --- FAIL: TestTokenize/What's_on_second? (0.00s)
    --- PASS: TestTokenize/<empty> (0.00s)
=== RUN   ExampleTokenize
--- PASS: ExampleTokenize (0.00s)
FAIL
After main
exit status 1
FAIL	github.com/353solutions/nlp	0.006s
nlp on î‚  gcil2021 [âœ˜!?] via go v1.15.8 
$ go test -v                                                                                                1 â†µ
Before main
=== RUN   TestTokenize
=== RUN   TestTokenize/hi
=== RUN   TestTokenize/HI
=== RUN   TestTokenize/What's_on_second?
=== RUN   TestTokenize/<empty>
--- PASS: TestTokenize (0.00s)
    --- PASS: TestTokenize/hi (0.00s)
    --- PASS: TestTokenize/HI (0.00s)
    --- PASS: TestTokenize/What's_on_second? (0.00s)
    --- PASS: TestTokenize/<empty> (0.00s)
=== RUN   ExampleTokenize
--- PASS: ExampleTokenize (0.00s)
PASS
After main
ok  	github.com/353solutions/nlp	0.006s

nlp on î‚  gcil2021 [âœ˜!?] via go v1.15.8 
$ cat ../quotes/hickey.txt 
I'm a big proponent of testing, I'm not a big proponent of test writing.
    - Rich Hickey
nlp on î‚  gcil2021 [âœ˜!?] via go v1.15.8 
$ go test -v              
Before main
=== RUN   TestTokenizeFuzz
--- PASS: TestTokenizeFuzz (0.00s)
=== RUN   TestTokenize
=== RUN   TestTokenize/hi
=== RUN   TestTokenize/HI
=== RUN   TestTokenize/What's_on_second?
=== RUN   TestTokenize/<empty>
--- PASS: TestTokenize (0.00s)
    --- PASS: TestTokenize/hi (0.00s)
    --- PASS: TestTokenize/HI (0.00s)
    --- PASS: TestTokenize/What's_on_second? (0.00s)
    --- PASS: TestTokenize/<empty> (0.00s)
=== RUN   ExampleTokenize
--- PASS: ExampleTokenize (0.00s)
PASS
After main
ok  	github.com/353solutions/nlp	0.006s

nlp on î‚  gcil2021 [âœ˜!?] via go v1.15.8 
$go test -v
Before main
=== RUN   TestTokenizeFuzz
    nlp_test.go:16: 
    nlp_test.go:16: ğ´‚ò²¾´ñ£±ñ¤›¢ò«–‡ñ´£®ò•ƒô‡¥…ñ¼¡¾ñ’¸®ñˆ¢£
    nlp_test.go:16: ñ‡©‘óš¤…ó¸·—ó·™¾ğ©ª¹òˆµòƒŠ»ğ¶®±ğ¾‘Šñ‚„‚ó»ñ¨‘“ò€–·ğ¡§òœ‡©ñ”·¬ğœµŒó¦™¶ñˆ œó¬¹¼
    nlp_test.go:16: óŒ®ó¥£¥ó¡¢ªâ‡…ğ€
    nlp_test.go:16: ó¸……ò’¼ò ©•ó¥¤¬ñš³òˆ¾Œå¨‹ó…ƒğ‘—²ó©ä‘‰ñ¬‘
    nlp_test.go:16: ò¤šƒó©¼¤ğ£µªñ‰—´ó‡Í©ò•’”ğª¯ˆò“«‰ñ““‹ñ…®£ğ•¦”ó¡¯µñ»»‚ó¾­Œò½½¤ò°˜§
    nlp_test.go:16: ó‡¹›
    nlp_test.go:16: ô†‹°ò²‘›ò°®ƒô‹Œ²ğª¦½ò¹®­òš¦±òªñ’—…ò”£¡ñŸŒ ó²‘°ğ¨¼ó§šºñ­ƒœò»¦ñ—¬ñª„²ìª¿ğ£“ƒñ½šòˆ€Šğ®™²ó˜¯“ñ„’ó“ˆ…ñ¦¸‹ò¯¹³ğ•º‡ñ˜§‰ñš‹¦ó¾„µğ®òº°ªñ½ è†³
    nlp_test.go:16: ñœµò«·–ó¶›µæ¹°Gó§¥®ó˜“ğµš¨ó€¼ô€»¶ğ§¯ğ·«ô‹­‡ñˆ»›ó¢­©ò¿±‘ñ¿–Šò£¦ñ¸¯ ó¢¢ò¯«ô‹”¬ò„¼‚ó·½ä°œôƒƒó¥·Šó¥ª¢ñ¸¨ ğˆ¶ñ›½¨ó­ƒğ°°¢ğ”­¼ó‹Š¨
    nlp_test.go:16: ñ†‹ó†„„ò­‘šó­¯ñ·´…ò”ªŸğº¿†ñƒ’¢ğ›¬¸ğ”´˜ò·½¥ó»‹›îŒ¿ñ†¥­ñ¿´ªò‚»£ó¾±ƒç•“ò®°œóŒ¿¾óº¬°ò¾“º
    nlp_test.go:16: ğ¢³ê¹…ñ¼¶ñ™ª—ó¡•š
    nlp_test.go:16: ñ€«ñƒ¡‘ó¤¡“ó¬­½ó¬†±ğ»ŠŠò™•‡ğ¨¦ óˆ›§ñ¨¦ºò¹Œ„ñ¶œ¨ò³€ğ¬¹Œğ¦ˆñ‚…¢ê°›ôŒ‘ó®‹§ğ²¬µğ–¸’ñ®´ğµ‚½ó”–´ò’¦ğ­µ¶òŒº¹ñ¶°º
    nlp_test.go:16: ô„µ¶ó¶ˆ·â±¶ó‹ªñ ±ò¶¼ªñ¦Š»ñ¯¯¾ñ»§–ñ”¡½ñ“ğ±Ÿ¾ó®“Œï¿½î§¶ó³Šòµˆ†ò§„ô‡¤©ğ–ªµó‹–†ò¸šŒô„‰ñ¼Œó¯”‘ôŒ„¼ğ“‹–ã•ò£–£ò¹½²óˆ°¡ó¨«¸
    nlp_test.go:16: ó¿ˆó…±Œñ ‘£ò†‚¢ò¿”…ó¹›°ñ»™ã”¦ó£‘€ğ¶©’ğµœ¥ñ¸’ò„„›ò¸“ò¾‡ò‘‚›êƒ¦ó„”ˆñ£Ÿªò„¢ò®¨ğ¦¾´ğ¸´©ñ¿†ñ„óœ–¶ñ–œœóŸ“
    nlp_test.go:16: ó’›¼ò¸¼ğ¦Š¬ñ¨­“ğ°´†ãµ—ó³œ‡ğº‚œó‚”óƒ¸ï–ò·ôŠ¡ªòˆ£¡ğ”§¼ò‰„ğ®­¾ôˆ‚ƒğ´ ¨ò’´‚ò«º¡ô€¦
    nlp_test.go:16: ñ•½ñ…¥–ñ¶€è¬ƒôŠ“”óº¯”ò¦²ƒò”‰ñ¼¹ ñµŸ£ñ«ñ£ …ó„¶ˆó‡µñ§€£ğŸ®¥ó¸ª’ó¡¯”ğ¨Œ
    nlp_test.go:16: ğ„³é¦ğ—–›ó’„¨ò—«„ñ´²¯ò¸¬Œğ˜œ•ò˜˜²ğ©¸–ó­ªğ«¹¥ó”¼¼ôŒ ó«‘ò±¬‚ğ¨½£ñ¿¯‚ğ£¤¶è½ò³…ó’†–ò¡¾ò±“¿ò¸ƒ¨ò‹²¤ò†…
    nlp_test.go:16: ò¸›–ó”ñ¹š¤ğ—˜›ò“€Šğ¿–¸ò‘¾²ôˆ•¬á·ñ†¦
    nlp_test.go:16: ò£¯ğŸ’¾ó¨‘°ğ³¢ó”œ€ó©Œ‰ñ…Š³ó‘„¸ñˆ—ñ˜î¢¢ğ¿Ÿ¹ó©ˆ°
    nlp_test.go:16: ñ®Š¥ó¬¡ñƒ°¹ò¿„…ñ°“¤ó´‚šñ˜®¡ğ™¢¼åƒ¤ò­…ğ³ƒ¥ó–¾¢ñ®—ò¦šğ•€¥ñ¢¼”ò•ˆó€‘­ğ§©¡ğ”‹µğ¤‚§ôƒª¹ôƒºó¢Œñª´³ó–¿¨ñ«…©ô‚œ±ò¹œ€ó¿¯–óˆ‘¹óŒ±
    nlp_test.go:16: ñµ·ò¼‚˜ó†‚›ò ¢ˆóˆŠ°ñ„‘‘ò‚†²ğ»¿³òªŒªóœ•šñˆŒó…¼¢
    nlp_test.go:16: ğ½¬ğ–¯ğ›”µæ¥«ñ€š€ó°¸ªò¬°ğ¡¾„ô‹–œó‰ˆñ§œó‰¯ˆğ–€¯ğ¾¢…ñ”µ…ñ¼›ñ„‡’ò¶¤©ğ¢ î‡½ó†¤‡ğµ¿±ğœ½ó¬Ÿ­ò©¿…ğ¡†ğ”ŒòŒ™ó©¥ôŒ›ï‚”È½ñª’‚ì¢ó°¤ò½˜ô©›ğ¨£ªñ£Œóœ¼’ñ®¿ñ•Œ–ò¤¿»ò‘»òµ¿ôµ
    nlp_test.go:16: òœ¯ğ®µ„óŠ‘òœ±’ó…¿©ô€¢ªò´±ò©ºñ¤³ò›‘‡ò¶•‚ò‚ ­ñ´¨‰ñ¦ª¥
    nlp_test.go:16: 
    nlp_test.go:16: ó‡ª¼ò«“¥ğŸ£°ñµ¦”óª½˜ñ•¤·ò¥®§ğ”ªñ¹½·èˆ£ñ€ˆï—·ô„¨ó½¨’ò¤›²ñ‹­¡ì©‘óˆ·ˆô•ªò ±›ñ˜™ğ¯Œ¼ğµ™¸ó‰·«óšô‰¤Ÿó¹’±ñ“£¯ôƒ¶¥ôŠŒ¨ñŸ„§ğ·¬…ó—…ñ¥Œ£
    nlp_test.go:16: ğ©”±ò’´¤ò·”¦ğ¢¾‚ë«§ğœ‡¼óµƒ¤ğ¥ª¢ó»¡¢ò¼¼‘ó¤¤™ñ°¶†ô‡º¾ò—“›ó»¦ò€—ğ™º
    nlp_test.go:16: ò¶¨²ñƒ«¥é³ó½³²ò§‹˜ï¿½ó«©«ğ§¨¬ğ•‚µòš¿®ò³©ò¢µªô€©ó…ğ¨Ÿ¥ò§µô‚ƒò‹™‹óª‚ò¡…°ñ³¼¿ñ»‡™óš‹´ò‡’€ğ°¡Ÿñª«¡ğ›©¯á·®ñˆˆ¯ó‡ºšò‚„ğ”·–
    nlp_test.go:16: ò‡‹‰ğ«ƒ¤ğ¹±—ğ¸¯ğ¹„Œòšó°‰•áš
    nlp_test.go:16: ğº¶óš¼ò¿˜ğ¨¦¬ò—ƒ¼òŠ¯´ò¬¼¦òª•ó‹¦•ò”³ò¿´‚ó·”ñ–¡ñò…¢”ó‚¨ô‡€±òŒœğ»ºµñ¹ºñ§§òª¾•ğ¶Ÿœò¯·†ò©ğª”²ô†»½ã¢ŠçŠ”ó›¿¶ôŠ¤›ò™˜–ó€’ ò¼½
    nlp_test.go:16: óŒŒó³¯ƒó¤¥ğ˜˜›ò‚¬¬ò¨¡ğ···ğ©©•
    nlp_test.go:16: ë‰ğ¤¹¸ò”’¥ô‹‚ò—¥”ò¶¶ô °óŠ°“ñŠ™±ñ„©œò…­ó­£­èŠ–ó«°óœ¯ñ”¤¶ñœ—†ñ»¹¤ñ¾·¼ô‰´’òµ—ó¶•®
    nlp_test.go:16: ôŠŠ—òƒˆ®óƒ‚‘ñ¸¥¦ğšŠ°ñ·†›óŒ¯šó®“ò”‰ñ®¨šó¦¦ğ®Œñ„ƒñ³²Šğ¶³ò¨›’ğ¥‹´ğ¸¡ó¤¨»
    nlp_test.go:16: ò¬³¥ó™›¸ò´¼’óˆŠñ·½òª“—ñ¹‚“ñ«™­ó„¤†ğ–’œñ²•­ğ½˜ŸóˆŸ¢ñ‘°‡ñ½ô‰‰ô•£ô‹°¾ò¶ˆéœ ğ¯®Œó°•·ó¹½˜óŠ‡Šô‰š„ò†£ ó¦…óƒ»±ñŸŸ£ó‡‹³ò–ƒ ğ±Œ©óºˆ­ó»•ó†¡§ó³·‚
    nlp_test.go:16: ò—¾¢ó‰†ñ¢‘ñ¬½£ò«¥¢ô¶«òœ”ˆğ­½ğ²±¢ó…•‹ñ…—ğ¾¤’ñ¤™¤
    nlp_test.go:16: òº…¸ñ­‡‹ô‡ „ó„Š€ğ‘¬šò±®‘ñ–ªƒô‡Šğ®™œò”¤¦ô‰Ÿ¸ñˆ™‘ò„­¹ñš­ó”›ñ‰¹‚ó£¶ƒñ°†ò¬“¾ó±ºˆ
    nlp_test.go:16: ó¥´ñ¡¬¦ô‡¢–ó“‘šğª¢ŒãŒºó¯€µóµ’³ó¯š®ğ¡„˜ò’‹§ğ·•¯ò©¢«ò±©¯ñ¶¾¨ó››€ñ«›ğ¡¤œñ¿ª¦ì·˜ğ“¼‡ò¼Ÿ
    nlp_test.go:16: ğ©Œ•ò†•šğ©¾œóŸ©“óŸ˜óµ¹ô†Œ“ğ¬‹‹ğ¾”’ó¤¾‘ò¨¨‹ò†¬¨ñ»³ó¤¤€ò’«»óˆ¹ñƒ©¶ğ½™¼ñ»¿¦ò¹ñ‘Š¿ñ§·ô€¨„ô‚”Œğ°˜ñ¤›’í˜¢ò¸©·ó²Š–ñ°…¨ñ ”«ô‚¡
    nlp_test.go:16: â²ªó¢­¥ó®±ô€©ñ“œá±•ğ¦«®ñ†‘™ñ¼¬³ò¨³¦ó ƒ²ó€˜ğ¨˜ò¢¿ó…¹¿ğ”›£ó¸®•ó½¸ò„´ºñ‹¡“ñ‰š†ğ¤›ñ‰¹¡ñœ«ª
    nlp_test.go:16: ğ›’–ó¡Ÿ”òŸ’ñ§€¤óŠ½¡
    nlp_test.go:16: ôŸ±ñ´¢³ñ†©·òº¢™ñˆ‚›ñ‰©³ñš™‘ó…•ƒó›³¾òƒ¾°ë­™ñ¹´ï¤¬ó–’ğšºŸğ§–Œò¥šñ²€˜
    nlp_test.go:16: ñ¥»£ó²‹¤ğ¬™ğ¥ƒ’ñ¹£¡ó¬“ğ”¨±ñ‰¥¹ñ—’ò„¹´ó·ª·á’¥ò•¹²ó¹®¶ñ¢­´ó¾»¸óŠ±óƒ©ò©´ò»¶¦ó™—®ğ«­Ÿó¸…‚ó¯€½
    nlp_test.go:16: ó´”í‰‚ó¸¡‚òµ»ñª•ò‚¸©ò€ªó˜¤šòœªò»¸«ñ‰‰›ğ‡ó–»“ñŸ–¬
    nlp_test.go:16: ó˜´°ó«°–ñ´­Šé¹°ğ©‘¹ñ‰Œ¢ô†ƒ»ó²¦¢ñ±º”ó«½³ó±¸¤òš€˜ñ‹ª€ô–‰ò„¤ò¬ñ„¦¼ğ­°ğ²”‘ó¾œ’ñ†¿—ò¸¢‡ñ¬…ğ«’ò”«¦ò‘¶‘å¼°ó¤¥‚ñ¶Œºñ©§’ò ¦–î‰¢ñ£ò¤¸ó¤¼®ó¦¨³ó·š“ò¯¼¡ò‹”ò–µ€ğ¤»¦ğ¯ ¡
    nlp_test.go:16: ï¹…ñ³Œ»ğ¨”ªñ§šğµ¶³ó¢òŒ¯ºñ™¹óŸñ­®ó¢ª‰òŠµ
    nlp_test.go:16: ó¹›ˆó™¨ªñ’¢‹ñ‹¿›ò¡¿¶ó«ˆ¯ó¨ˆ½ò‚’ó´ˆ³ôµñš°ôƒ„‡ô†€¶ô„Ÿò…š³ç§ñ£µñ‰œ®ò©ˆ°ñ·Œñ¼½£ô‰ƒò‹˜·ó¾›†ñ¿ä‚˜ğµš‡óš‹›òµ–Ÿò‰€“òŒ·ğ®¿òŸ­²ğ©¶ó °ñ®²é¨—ñ°¯´ò¬œô„‹ó¶·°ôŠ®ñ¹˜ñ¶¢›ó³»Šğ¼ºµò¢ˆ¦ğ¬©¿
    nlp_test.go:16: ò¿‰ò‰®’ğª£«ò‹ˆ£
    nlp_test.go:16: ó‡ª§ó«Œ ñ ƒŸóƒ§¤ó„˜ğ¡‰›ñœ¥‡ğ˜’™ñ‰§ğ·šµò‡½ˆò¾Œ¯ğ”¯¯ç™¨ó¤–ºó¼ªó”±Œğ™¾¡ğ³¢ó¶ŸŸï¡¼ğ®±‹ò¥ƒ‘ò…´½ò§¥ ó¤·¢ä’šñ³•¢ñƒ¯—ó½¡ƒó††´ò‘—£ğ©‹‚ñŸ«åªò§®…òšƒ«ñ¬Š˜ğ¡¾¡ñ…Ÿğ—µ—ğ¥”¹è›•ò¶–¤ò‡¥ƒò‹®»ñª­‘
    nlp_test.go:16: ğ£º­ó¬¯ò¬³Šó±½¼ñ¢·ñ‰„ó¾«ñ ¦·ò™›¢ğ•¾¬óš”ñ¥›‹ñ£©°ñ‰¯ó¾²©ğ¿š²ñ¤¤ó·Œğ´©’ğ¢œµğ–ñ¾‡ğ›„­ğ·‰…ñµğ œ¥ò“€å‹…
    nlp_test.go:16: ğ¦¤ò—œğ Œè¼£ñ‡Š£é·ŠóŒ”¤ñ¹²ò“¡¼ñƒ®±ò¾•°óƒŸñ™ğ«‰½ğ½£¹ò¾‚ôŠ§«ñ¸¹
    nlp_test.go:16: ğ¦Ÿğ¶‡´ñ°¤½ä¸³ñ½¾ò„‘ğ²¥½ò‘ •ó® ªó”’ñªŒ¡ó–¼‹ó‡•
    nlp_test.go:16: ñ™°·ò—ƒ™ò¨ó”¤¡ñ·´ ò°–ˆğ°¹ñŠ‡›óœ‘¼
    nlp_test.go:16: ò¿±«æ¼˜ñ–òµ‘ŒòŸ±¬ò±³ó˜¨ˆğ“ºšó£¿¶ğ”•ñ¯‡ğ°Ÿóº•ğ¨‰…ğ¨™­ñ´¼–ó¾—¨ñ“¡–ó¦µ“ò¯Š±ó•­¾ô¼¸ğºµòŒ‹—ğ²¢´òª€©ó³ò™¡ó¢š®ğ³“®ğ¬Œ¨ğ­¥¨ó—«‰ğš„‚òª£¥ò´‡ó……—ó»¡ó¤‰‰óƒª¤ó©’¶ñ¦–óŒŒ·ô”•ôƒ‡ñ¦¼ä´µòƒ‚´óª’’
    nlp_test.go:16: ñ­½ğ¼†‰
    nlp_test.go:16: ğ’š…ñ´²ñ§“¯Í¸ğ»¬ó£©¤ğ¶–ºó§¿ò¬¯¿óµ‰”
    nlp_test.go:16: ñ¡µ˜ò…»´ó£´—òœ­ñ±¿¨çšŠğš¼§ğ ©ğ´£”ó ­ğ¶°ñ©µ†òŸ‰»ò¹–ó´µò³€©ò´‘ªğ°¿—ó—ñ»œ¶ó°Ÿ¸ò§Š£ó’¡¢ó©¯¥ğ¤’²ğ’·ä’¦ò¥Ÿ‚ğ§®‘ôƒ›ó¯¸
    nlp_test.go:16: ôŒ¾»ô€»«ñ¸™¢ô€¥ò¥¨¡óŒ¨ ñ”¹«ñ’’—æº§ò»ŸñšŸŸñ‡™°óƒ›ó²˜„óµ’¬ô…‹‘ğ¬•—ğ¦‚ğµ½ó©¢¶ñ®–¦ò¬½ñ²®ä¢¸ğŸ´ô‰›¡ò¹‹šéº·óˆ¬ñ‚­
    nlp_test.go:16: ğ­‚¯óˆ¼ñ©»¹òƒ¤†ñ«¦±ğ”“ğ¿˜®ó‰„¾ç¿¨ñ—…£ó›¶†ñ­¼ñª€Ÿğ­‚¹ó²ƒ¿ò­Œñ›¦ô‰ªó¿¹²óˆˆó­™¤å‘§ğ—¾˜óº‰§ó¾º­æ°‰
    nlp_test.go:16: Ø–è†™ç²šñ­Šğ½ºò¥¢¹ğ¼°¤òš³«ò®«²ğ¢¡ğ§ƒó¿«”ó‹½®ñª‹ó¢„â‰¬ñ‘¿¼ò…’‰ğ´œ®
    nlp_test.go:16: ğ®†°ğ–Šğ«½›
    nlp_test.go:16: ò„‡§ñ¤Š‹ñ’»ñ½˜›ñ¦ğ¼ª–óŸŸ¡ó­†³ò¾°ğ¼—»ğ­±§ó‹•ñ–“‡ì¿·ôŒ€‡ñ»’ğ¤°±ï»±ñ¯¦«ñ™”ñ¨˜ò…´­â¡¾ğ¯°¯ñ¹¿”óŸ¤­ğ–µ‚ğ®µˆô‡–ó’Œˆó…µ…óƒƒ”ô‚§°ñ–ğ™¥Œó´¸‚ñª¿—ó„¾¥ò¼ƒµâŸ¥ó»’½ğ®‰‹ñª¶†ğ‘¥´ğ§¾®ñŸ§ô€¤€ò¢¨±
    nlp_test.go:16: ğ¯±€ñ¦§†ò’•­ô‹¦‚ó¹‰ƒò—ñ‹¯·ó±¨òŒ¥½ò«•šñƒŒ§ñ²¼«ó¤•‚ñ€¡˜ô„™ñ²“¦ñŒ•¦ò´¢¢ôˆ¿‰ó¥¤¥ò™²•óµ«¥ğ¸ó‰¥´òœ•–ñ…¾¨óª¬Œò…»¥ñœ¤™ñ¡‰©ğ­š²òŒŠóŸº­ôƒ‡—ñµ† òœ¡¯ñ±º»ï¿½ñ…®ğ˜ª›ôŠ œñ¨§ƒó¡¼§ô‡ƒó‡³œô‡¨‡à¼«ó®•­ò¿˜”
    nlp_test.go:16: ğ¿¬‚ñ²®¾
    nlp_test.go:16: ğ¼†Šğµ¬‡ò™¾ğ¥«ğ‘¡ó­òª§ô‹‡“ğ³«‰ñ¢²ò”´²ñ˜ˆ¡ó•¶ ò‹¡‘ñ¼©¬ó£œó›±‚ó²¤ñº²ñ±²ñ›ó¶¶’ò›£¼ñ©¬šò²š¢ğ“Œñ£ˆğ¾ ¬ñ­©¢ò‘’ºğ™·…ñ®½˜ä«²ñ¸¥•ğ¦ˆ´ô†¬‘ò‹¬
    nlp_test.go:16: ó›Ÿ‚ñ‹¬ğ­¥ò¡¶¦ğ£Œ©ğ§©ˆô›ò®¥¬ò–˜µñ¿»Œó ²¤ò”œá¾¬ó¾¤ƒñ­†ñ—†šò’ô‚¡‹ñ‡ ˜óƒ¢¶ğ¡¶»ôˆ·©ò‡¢ˆñ¼ğœ‚¼ñ¤¢¡ó­†´ğ¨¿‚ğ¦­Ÿò·¤¬ó¿®¸òˆ¸²ñ”‰ƒñ“’´ó£­“
    nlp_test.go:16: óš‹òƒ„´ñ„´¥ñ´°‘ó’¸ƒğªˆóˆ°£ò¤••ñ¶§šğ‘›©ò€†ñŒ’…
    nlp_test.go:16: ñ¢°·ğ’³¢
    nlp_test.go:16: ôºò£´‡ğ¹®¹ğ¥‹¢ã…­ò´—ñ‘š‚óŸ¯—ñ«¶óŒ©óµ™ó¹••ò«† ñš¸¡ó§±´ò¬ôŠ£¶ğ—‰£ó³…‡òº€§ò«“™ñ¦‘­ğ ’‚ó£¦¨ò¦ŒŠó«Ÿ«ñ·¹‚ô„ñª…®ô…›ó—²¹óŒ››ó»²‹ô‰‚®ñ€‹´ôŠŒ…ğ˜¡¹ñ™«–ğ–‰Šğ©¶¬ó°ñ‚¹ó€‹Œğ”
    nlp_test.go:16: òš™ñ¡˜Ÿğ¥¶ğŸš•ó¢°˜ñ¬´£ñ¸¢ò¿´»ó‘…¾ò¤“™ñ„°¤ñœ—­ó”ˆó˜¥¨ó´–ğ¿´Œğ·¨òš¸˜ğ¦‹­ó£¾ñ°¯·ó­±µğ¸°³óš´…ğ“¨¦ôˆ¢ğ²Œ²á¨£ğ›¿¦ó·¸‰ò©¿ôˆğ£ƒò—ˆªôŠƒˆñª€¨òœ²‘ó›š—ñ‰²—ó¶˜—ñ¡—±òª§•ğŸ°ñ «„ñ£¬æ£˜ñ’©¿
    nlp_test.go:16: ó³Ÿ¾ğ»¿†ë³ğ“²‚óµ‘¡ñŸª¤ó¸°»óŠ„‚ò„®ñº„ºó¹™®ò©±–ó³­ó…©
    nlp_test.go:16: ó«‘µò™µó¾¶‡ğ´¦ñ²Œ³ó»·¼ñ«¹»ğ”©ó„´¬ğ¢ª€ò ‹‡ì‡–ğµ©‚ò¯«‹ó´Ÿğ¶½†ğ©¸óµªò–œñ¸¡‰ñµ¢ñ²€Œò¶¬ òºŸºñ¿€‹ğ¿¹ˆò‚©óŠ²’ğ²˜
    nlp_test.go:16: ò»—‰ò¿º¥ó‰¤ê¢Œò¹Œ¥ó„•«ó§©ò¶‚½ò¹˜¢óª‹ô‰¸¥ñ¾‘ ó¹ƒñª·®ğ´­¶ñ“© ôˆŸ¯ñ§½‰ğ Š¬ò°¼ô›‹ó©†·
    nlp_test.go:16: òƒ‘‰ó›‹¢ñ´©ñ·±²ğ¯¾–óŒ’ğª…†ò±¥¤óºš‹óƒ’™ó–™§ò²…˜ò³ñ”ó‘¼™ó¥¹¯ñ¿ô‰‡¢å¹½ó¾¨¬ó—“ğ¼¯‚ó°‘”ñ˜ˆ¼ğ›‘¹ó¼…«
    nlp_test.go:16: 
    nlp_test.go:16: ó¹®ò›…±ğ¶ª‚ó£¯ó£¼‚ñ¾¬®
    nlp_test.go:16: ò«­’ò…¦ğšŒó¥¨ò®¸²òŸ´¤ô…”›â¬ˆğ”­¼ñ˜§œó‚»œñ†˜ó’ò‘‚’ğ¹ˆ˜ó¥·›ò‡²ğª¥ò¥…ñµ°ó½€€ó§¨ªò†°¤ó€±©ò‚‡™ğ©¡§ò‰”¸ç“©ó¨”«óªœ¾ó¯Œ¥óŠ­½ğµ©†ò–¢¯ó„¦ñˆ§…ğ¯ª¦
    nlp_test.go:16: ğ¸« ò© ¼
    nlp_test.go:16: ğ¾ƒ½ñ¸¿ò–®¯ñ¨´ƒğ±Š ç‹—ó¬‰ñ¢ˆ–ñ¯¤¬ô‚˜®ò«—µó†‘™ğ®µóŸ­±ğ˜ˆ§ó½µ‰ñ‚ ¬ò¦´Šòº¢§ç…«ïŸ„òƒ®ñ¿‚šñ°¢ô…š·ñƒ«
    nlp_test.go:16: ò­˜«ñ‰‚Šó„‘ğ©®¨
    nlp_test.go:16: ò¤½¯ñ¼´ºò½—‡ñ¨µ‘ó‚¿§ñ¤¯©ò™¼ó¨¶‡ó¬˜£ñ³˜§òˆ²ó‘ƒ®ó•€ò¥ª±ó•ªó«ºƒò…˜³ğ´›–òµ«óš•µñ³«ò©… ñ—’»ğ‘”˜ò«¡‘ò¡½ºôƒ»§é½£ñ—´Šô‡±£óœ¤ñ “²ó‹»‡óº¸½ò«§’ñš¸Š
    nlp_test.go:16: Üºñ›ˆ›ğš™°
    nlp_test.go:16: ò˜­¼óŒ›ò“«²ñ¿š‰ğ´”œò¥€ğ¶¿°òµ´„ò²™°ğ¨¦®òš‚¬ôºñ¹º½ğ¯–†ñ’ˆó¤‡­ñ“Ÿ„ò¨¦€
    nlp_test.go:16: ò„…¾ó€¯˜ğ§¿°ñªˆ¹ò¼•€ò§¼ò‚³³ò–“ƒó¹ˆ©ğ­˜˜ğ²«¢ôŠ¥ƒñ‘¥å…¾ó’»ñ¹¦¢ñ·ô—«ñŒ¬¯òŸŠ¯ò¨¿®ñ© ğ»» ó£¦€ó˜—ğ¹¯¡ğ¾ˆ§ó·ˆå¶Œñš³”ó“”©ğ©™§ò˜š©ğ•µò¾’£ó¿¦ñ¼€ŸóŒ½±ğ¯…†ñ¶¶¤ò§±ò¤Œ‰ğ˜¯£ô€°£ğ‘‰¦ó¥­ó¨—ó’¼‡
    nlp_test.go:16: ñ…ƒ¦ó…¸†ó•“«ó¤¼…ò‰˜©ğŸ Šò‘¡®ó·€’òƒ˜
    nlp_test.go:16: ò‚¬ó‹¤µò‚¯ºğ…–ò“¯¨ğ½›ìµñ»µ“óœŸ¿ñ¦¨²ò€ºò´ª‰ê“¤ó·¦ñ¡«¢ó²Œˆò”ƒó„ˆó¤¬ó”©šò¿¦”ó¦¾ô‰›£ñ˜¿²ğ¿²¨ñ¤ ¹òª§¾ò¬¶†ğ˜Ÿ·ğ´£¥ğ£›™ïµ¤ğ–µ¨ó™˜ˆóšºŒğ—•Šò§ªñ¢Ÿò›®ó”¯ó´¹ğœŠ´òˆ¡ˆğ–‹½ó¹‚¨ó‚¹»
    nlp_test.go:16: ğ³™»ó£©—ñº“°ñŸ¯†ğ¸‹§ñ¹‹¬ğ·¼Ÿò˜±Œòº¨¨ò˜¥±ó§œ–ñƒ¢‰ò¿ªã’ªñ¯€µò¦™™ó£¨³óŠ¸¢òª¬£ñ‰”¬ò§£¹îš¡ğ² »ğ¬·­ğ”„šô‰¹¯ó¤†
    nlp_test.go:16: ñ¸´–ó¥¼»
    nlp_test.go:16: ñ¦‘°ó¹´ªó…½»ğ²½¤ñ€¸€ñº¼¢ó¡°ƒó‰°…ó£‹ñ¨‘‡ó§Šó”±ñ€«ğ¥ƒò™›¿ñ´´³
    nlp_test.go:16: î¬¿ñ¯©²ó¬¿Ÿó‡•ñ«ƒòˆ€ğ²¾©ó‚”·ôŒ¬‰òŒ·»ñ’²»ñ–¼™ò…€¿ó§—ó›œƒñ£ ó»ğ¬¨¹ñƒ™‰ñ–Š–ñŒ»ó‚©šç³¢ñ²†ò¯©ñ¡”™òˆœò¾¢ ó–·„ñ†‡„ÙŸó°˜šñ¹º–ğ•®ï¿½ğ”²¬ô€”¦ó‰½ ñ†„´óœ„ó¹­’ò’±³ò¡‚‹ò¡ƒŸğ«¨¾â«Š
    nlp_test.go:16: ò›€•ñ¯”ó‘¥¯ğ¼¥ñ— ¾ò…¥´ô‰–‘ñ¬–‚ò¯š•ñµŒâ¼¼ğœ’‘ò¸Šñ´¼ó»·´ó–³ñ„’£ó¾ˆ¦ó¼—•ó­¡ºó”Ÿ²ò™¡›òƒµ…ñ›ó€¼„ó°«­òª´éŸ“ò–±“ó—‰·óœª³ğ»’¼ñ»»‘ğ¯–
    nlp_test.go:16: ñ¡¨µğªµ¯ò£¼§ñ¢¥ó§Œ¢ğœô…¥­ğ¾§–ò§´‹ó¾¿¶ì¯¹ğ”€¶ó¢š’ò«¿°òœ¯ğ¯Œµñ·‚óµ¦ˆò¿››ó³¡¶òƒš¬ñ·´´ô‡¿˜ó¸“ƒê­…ò¶ó¼Šµğ›œñ™‹ñ´ª ğ¼³ó™€
    nlp_test.go:16: ó·¾»óŠ†ğ©£¢ó§±§ó˜„ò¾òŠ°¨ó¼“ôš‘ò¥¶ğ–§»ó½î”ğ°…ñ–²ó‹ ¾ğ ¿¾ó¢“­ò‘›¦ğº›½òª…†ò©ò§¥‘ñ¶¼¥ğ·œ
    nlp_test.go:16: ñ“…ƒó†«‰ô¹®ó¥‚ºğ“¼ó®‰‹ó©œµñ°¡˜ò®´–ğ´£ç‰¨ñ¿•¤ğ£­ğ¶£šğ¸›¼ğ¨‘·ğ¨‡µğ¦¤’ò¡½”ò¼®‚ó±¼±ò†›§òº¢‹ğŸ—´òšœòƒ‡”ñš³—ñ†¦€ğ·’ ğ¦¬Œñ³ƒµğ˜”·ô‚£ó¾–‘ñŸµğ³Šæ”ğ–¿ªñ¿·“óŸ‡¨ó™Ÿó›·‰ò¡“˜óŒ‹’
    nlp_test.go:16: ó¦ºôŒ–˜ó“¾‚ğ•šó¸…™òŸ¹Šò¬¡ô…´®òŒš¦ó¿ºğ²¯ˆó°©ğ—€˜ò€ñ¶…¼ó»¥ˆó–»“ñ¤ƒä¨§ğ¹¨˜ó³ºó½·µé³²ó°¯ğ°¾¶ñ¨˜±ğ«¥’ñ»™ò­³‚ğ¤«•ñ‚‘ğ¡–¨òŸ¿¸ò¦¼Ÿëµƒñº¿˜óˆ…ò«ª¸æ‹“
    nlp_test.go:16: óŠó£˜ñ¹‚•ğ›©–ğ®´®ğ²¬­ñ´ƒ‚óƒ©—ô†½²ò‹¤ ğ¥µò«•¨ó®®òƒñ›‡ô†’³ñ›ƒªğ¦•²ñ¾½¯ñ‡…ñŒ°¹ó¨¿ºó–‘²ô‰®¨ô¸…óŒ¡ˆ
    nlp_test.go:16: óª´£òŒ©ñ£¸ªñ”³µò©«
    nlp_test.go:16: ñ­‘¯ñ³‡˜ñ«­ˆò‡ó¹Œ¤ë¤ªó²•Œô¯©ôˆ¨²ğ¤‘–ñŠ³ºó‚–šñ€…
    nlp_test.go:16: òŒ¾ ó˜¬ñ‡·ó¼‹‹ò²”£ñ¹§°ê¬ó¢Ÿ£é¿€ñ¾“‡ğ«¹´òªªñ·´‚ò²™ºò¨²¦ó‡•’ğ›¥óºµ‹ó­€‡ô‡¯»ğ¶¨‡ñµ»µñ¯‚ğ”“Ÿğ¯¯ğŠ“ó¦¯ã¾Šòˆ˜›ò¾° ò…µ”óŸˆó€¯ó‘Ÿ©ó¾­ñ¬»¨ë¦ ò¶ƒó°¼»ó‚–Šñ’½ªğ·¦ó—¬ñ´“ô¥ô€¹±ğ™’¼ğ¶­©
    nlp_test.go:16: ñ›“©ò‘˜¬ñµ»ªò”¼‘ñ®Œ¦ñ¯‚Šğ³ª‹ò¨œ©ó…¸˜ó¨º¢ó·¾–ñ™‡ò¤¢†ğ›¸‰ğ»¦ğ˜¦Œò‘œ¤ó’”£óŸ³ñ±Š†ôŠ¥©ñ¿¢½ò²¥–ê•é¿­ğ²½ñ¯…¿ğ¡ˆ°ğ«™“ô†€ºò±¤—ğµ¢¾ñº“Ÿòª»óš‚ğ´†òš­†ò€­Ÿğ³«
    nlp_test.go:16: ò·¦³ò®„³ñ—³»ò½œ‘ğ›Œò¢†ñ½ª€ñ»ˆ”ò¡‡ğ’š”
    nlp_test.go:16: ğ¿¬Šğ²±¡ë…Œñ¥©¿ğº †ò‡ğ´±¦ò”–¢ô‹©¹ï¿½ó›¥ó¥ˆ‚ò±¯²ì« ğ’„˜ä¹¡ò‚ª¢ó­´²ò‚ˆğº³ğ¢¿¯ñ·‡›ğ™—•ó™±›ó˜—¾óº¹óŒ½²ñ¦¬òŒ˜¢ó‰¶™
--- PASS: TestTokenizeFuzz (0.00s)
=== RUN   TestTokenize
=== RUN   TestTokenize/hi
=== RUN   TestTokenize/HI
=== RUN   TestTokenize/What's_on_second?
=== RUN   TestTokenize/<empty>
--- PASS: TestTokenize (0.00s)
    --- PASS: TestTokenize/hi (0.00s)
    --- PASS: TestTokenize/HI (0.00s)
    --- PASS: TestTokenize/What's_on_second? (0.00s)
    --- PASS: TestTokenize/<empty> (0.00s)
=== RUN   ExampleTokenize
--- PASS: ExampleTokenize (0.00s)
PASS
After main
ok  	github.com/353solutions/nlp	0.006s
nlp on î‚  gcil2021 [âœ˜!?] via go v1.15.8 
$     nlp_test.go:16: 


nlp on î‚  gcil2021 [âœ˜!?] via go v1.15.8 
$ go run /tmp/r.go                                                                                          1 â†µ
# command-line-arguments
/tmp/r.go:9:23: too many arguments in call to rand.Intn
	have (number, number)
	want (int)

nlp on î‚  gcil2021 [âœ˜!?] via go v1.15.8 
$ go run /tmp/r.go                                                                                          2 â†µ
1

nlp on î‚  gcil2021 [âœ˜!?] via go v1.15.8 
$ go run /tmp/r.go
1

nlp on î‚  gcil2021 [âœ˜!?] via go v1.15.8 
$ go run /tmp/r.go1

nlp on î‚  gcil2021 [âœ˜!?] via go v1.15.8 
$ go run /tmp/r.go
1

nlp on î‚  gcil2021 [âœ˜!?] via go v1.15.8 
$ go run /tmp/r.go
1

nlp on î‚  gcil2021 [âœ˜!?] via go v1.15.8 
$ back-in 10m
â˜• - Back at 11:33 â–ˆâ–ˆâ–ˆâ–ˆâ–ˆâ–ˆâ–ˆâ–ˆâ–ˆâ–ˆâ–ˆâ–ˆâ–ˆâ–ˆâ–ˆâ–ˆâ–ˆâ–ˆâ–ˆâ–ˆâ–ˆâ–ˆâ–ˆâ–ˆâ–ˆâ–ˆâ–ˆâ–ˆâ–ˆâ–ˆâ–ˆâ–ˆâ–ˆâ–ˆâ–ˆâ–ˆâ–ˆâ–ˆâ–ˆâ–ˆâ–ˆâ–ˆâ–ˆâ–ˆâ–ˆâ–ˆâ–ˆâ–ˆâ–ˆâ–ˆâ–ˆâ–ˆâ–ˆâ–ˆâ–ˆâ–ˆâ–ˆâ–ˆâ–ˆâ–ˆâ–ˆâ–ˆâ–ˆâ–ˆâ–ˆâ–ˆâ–ˆâ–ˆâ–ˆâ–ˆâ–ˆâ–ˆâ–ˆâ–ˆâ–ˆâ–ˆâ–ˆâ–ˆâ–ˆâ–ˆâ–ˆâ–ˆâ–ˆâ–ˆâ–ˆâ–ˆâ–ˆâ–ˆâ–ˆâ–ˆâ–ˆâ–ˆâ–ˆ

nlp on î‚  gcil2021 [âœ˜!?] via go v1.15.8 took 10m4s 
$ golangci-lint run .
nlp_test.go:52:2: unreachable: unreachable code (govet)
	return nil
	^

nlp on î‚  gcil2021 [âœ˜!?] via go v1.15.8 took 8s 
$ golangci-lint run .                                                                                       1 â†µ
nlp on î‚  gcil2021 [âœ˜!?] via go v1.15.8 took 2s 
$ make test
golangci-lint run .
go test -v
Before main
=== RUN   TestTokenizeFuzz
--- PASS: TestTokenizeFuzz (0.00s)
=== RUN   TestTokenize
=== RUN   TestTokenize/hi
=== RUN   TestTokenize/HI
=== RUN   TestTokenize/What's_on_second?
=== RUN   TestTokenize/<empty>
--- PASS: TestTokenize (0.00s)
    --- PASS: TestTokenize/hi (0.00s)
    --- PASS: TestTokenize/HI (0.00s)
    --- PASS: TestTokenize/What's_on_second? (0.00s)
    --- PASS: TestTokenize/<empty> (0.00s)
=== RUN   ExampleTokenize
--- PASS: ExampleTokenize (0.00s)
PASS
After main
ok  	github.com/353solutions/nlp	0.006s
nlp on î‚  gcil2021 [âœ˜!?] via go v1.15.8 
$ ls
doc.go  example_test.go  go.mod  go.sum  LICENSE.txt  Makefile  nlp.go  nlp_test.go  README.md  testdata

nlp on î‚  gcil2021 [âœ˜!?] via go v1.15.8 
$ tree
.
â”œâ”€â”€ doc.go
â”œâ”€â”€ example_test.go
â”œâ”€â”€ go.mod
â”œâ”€â”€ go.sum
â”œâ”€â”€ LICENSE.txt
â”œâ”€â”€ Makefile
â”œâ”€â”€ nlp.go
â”œâ”€â”€ nlp_test.go
â”œâ”€â”€ README.md
â””â”€â”€ testdata
    â””â”€â”€ tokenizer_cases.json

1 directory, 10 files

nlp on î‚  gcil2021 [âœ˜!?] via go v1.15.8 
$mkdir stemmer

nlp on î‚  gcil2021 [âœ˜!?] via go v1.15.8 
$ cp ../data/stemmer.go stemmer 

nlp on î‚  gcil2021 [âœ˜!?] via go v1.15.8 
$ tree
.
â”œâ”€â”€ doc.go
â”œâ”€â”€ example_test.go
â”œâ”€â”€ go.mod
â”œâ”€â”€ go.sum
â”œâ”€â”€ LICENSE.txt
â”œâ”€â”€ Makefile
â”œâ”€â”€ nlp.go
â”œâ”€â”€ nlp_test.go
â”œâ”€â”€ README.md
â”œâ”€â”€ stemmer
â”‚Â Â  â””â”€â”€ stemmer.go
â””â”€â”€ testdata
    â””â”€â”€ tokenizer_cases.json

2 directories, 11 files
nlp on î‚  gcil2021 [âœ˜!?] via go v1.15.8 
$ go test

nlp on î‚  gcil2021 [âœ˜!?] via go v1.15.8 
$ make est                                                                                                130 â†µ
make: *** No rule to make target 'est'.  Stop.

nlp on î‚  gcil2021 [âœ˜!?] via go v1.15.8 
$ make test                                                                                                 2 â†µ
golangci-lint run .
go test -v
Before main
=== RUN   TestTokenizeFuzz
--- PASS: TestTokenizeFuzz (0.00s)
=== RUN   TestTokenize
=== RUN   TestTokenize/hi
=== RUN   TestTokenize/HI
=== RUN   TestTokenize/What's_on_second?
    nlp_test.go:76: 
        	Error Trace:	nlp_test.go:76
        	Error:      	Not equal: 
        	            	expected: []string{"what", "s", "on", "second"}
        	            	actual  : []string{"what", "on", "second"}
        	            	
        	            	Diff:
        	            	--- Expected
        	            	+++ Actual
        	            	@@ -1,4 +1,3 @@
        	            	-([]string) (len=4) {
        	            	+([]string) (len=3) {
        	            	  (string) (len=4) "what",
        	            	- (string) (len=1) "s",
        	            	  (string) (len=2) "on",
        	Test:       	TestTokenize/What's_on_second?
=== RUN   TestTokenize/<empty>
--- FAIL: TestTokenize (0.00s)
    --- PASS: TestTokenize/hi (0.00s)
    --- PASS: TestTokenize/HI (0.00s)
    --- FAIL: TestTokenize/What's_on_second? (0.00s)
    --- PASS: TestTokenize/<empty> (0.00s)
=== RUN   ExampleTokenize
--- FAIL: ExampleTokenize (0.00s)
got:
[hi how are you feel today]
want:
[hi how are you feeling today]
FAIL
After main
exit status 1
FAIL	github.com/353solutions/nlp	0.005s
make: *** [Makefile:3: test] Error 1
nlp on î‚  gcil2021 [âœ˜!?] via go v1.15.8 
â® make test                                                                                                 2 â†µ
golangci-lint run .
go test -v
Before main
=== RUN   TestTokenizeFuzz
--- PASS: TestTokenizeFuzz (0.00s)
=== RUN   TestTokenize
=== RUN   TestTokenize/hi
=== RUN   TestTokenize/HI
=== RUN   TestTokenize/What's_on_second?
=== RUN   TestTokenize/<empty>
--- PASS: TestTokenize (0.00s)
    --- PASS: TestTokenize/hi (0.00s)
    --- PASS: TestTokenize/HI (0.00s)
    --- PASS: TestTokenize/What's_on_second? (0.00s)
    --- PASS: TestTokenize/<empty> (0.00s)
=== RUN   ExampleTokenize
--- FAIL: ExampleTokenize (0.00s)
got:
[hi how are you feel today]
want:
[hi how are you feeling today]
FAIL
After main
exit status 1
FAIL	github.com/353solutions/nlp	0.004s
make: *** [Makefile:3: test] Error 1
nlp on î‚  gcil2021 [âœ˜!?] via go v1.15.8 
$ make test                                                                                                 2 â†µ
golangci-lint run .
go test -v
Before main
=== RUN   TestTokenizeFuzz
--- PASS: TestTokenizeFuzz (0.00s)
=== RUN   TestTokenize
=== RUN   TestTokenize/hi
=== RUN   TestTokenize/HI
=== RUN   TestTokenize/What's_on_second?
=== RUN   TestTokenize/<empty>
--- PASS: TestTokenize (0.00s)
    --- PASS: TestTokenize/hi (0.00s)
    --- PASS: TestTokenize/HI (0.00s)
    --- PASS: TestTokenize/What's_on_second? (0.00s)
    --- PASS: TestTokenize/<empty> (0.00s)
=== RUN   ExampleTokenize
--- PASS: ExampleTokenize (0.00s)
PASS
After main
ok  	github.com/353solutions/nlp	0.006s
nlp on î‚  gcil2021 [âœ˜!?] via go v1.15.8 
$ ls
doc.go           go.mod  LICENSE.txt  nlp.go       README.md  testdata
example_test.go  go.sum  Makefile     nlp_test.go  stemmer

nlp on î‚  gcil2021 [âœ˜!?] via go v1.15.8 
$ cat ../quotes/hickey.txt 

nlp on î‚  gcil2021 [âœ˜!?] via go v1.15.8 
$ tree                                                                                                    130 â†µ
.
â”œâ”€â”€ doc.go
â”œâ”€â”€ example_test.go
â”œâ”€â”€ go.mod
â”œâ”€â”€ go.sum
â”œâ”€â”€ LICENSE.txt
â”œâ”€â”€ Makefile
â”œâ”€â”€ nlp.go
â”œâ”€â”€ nlp_test.go
â”œâ”€â”€ README.md
â”œâ”€â”€ stemmer
â”‚Â Â  â””â”€â”€ stemmer.go
â””â”€â”€ testdata
    â””â”€â”€ tokenizer_cases.json

2 directories, 11 files
nlp on î‚  gcil2021 [âœ˜!?] via go v1.15.8 
$ tree
.
â”œâ”€â”€ doc.go
â”œâ”€â”€ example_test.go
â”œâ”€â”€ go.mod
â”œâ”€â”€ go.sum
â”œâ”€â”€ LICENSE.txt
â”œâ”€â”€ Makefile
â”œâ”€â”€ nlp.go
â”œâ”€â”€ nlp_test.go
â”œâ”€â”€ README.md
â”œâ”€â”€ stemmer
â”‚Â Â  â”œâ”€â”€ stemmer.go
â”‚Â Â  â””â”€â”€ stemmer_test.go
â””â”€â”€ testdata
    â””â”€â”€ tokenizer_cases.json

2 directories, 12 files

nlp on î‚  gcil2021 [âœ˜!?] via go v1.15.8 
$make test
golangci-lint run .
go test -v
Before main
=== RUN   TestTokenizeFuzz
--- PASS: TestTokenizeFuzz (0.00s)
=== RUN   TestTokenize
=== RUN   TestTokenize/hi
=== RUN   TestTokenize/HI
=== RUN   TestTokenize/What's_on_second?
=== RUN   TestTokenize/<empty>
--- PASS: TestTokenize (0.00s)
    --- PASS: TestTokenize/hi (0.00s)
    --- PASS: TestTokenize/HI (0.00s)
    --- PASS: TestTokenize/What's_on_second? (0.00s)
    --- PASS: TestTokenize/<empty> (0.00s)
=== RUN   ExampleTokenize
--- PASS: ExampleTokenize (0.00s)
PASS
After main
ok  	github.com/353solutions/nlp	0.007s

nlp on î‚  gcil2021 [âœ˜!?] via go v1.15.8 
$make test
golangci-lint run .
go test -v ./...
Before main
=== RUN   TestTokenizeFuzz
--- PASS: TestTokenizeFuzz (0.00s)
=== RUN   TestTokenize
=== RUN   TestTokenize/hi
=== RUN   TestTokenize/HI
=== RUN   TestTokenize/What's_on_second?
=== RUN   TestTokenize/<empty>
--- PASS: TestTokenize (0.00s)
    --- PASS: TestTokenize/hi (0.00s)
    --- PASS: TestTokenize/HI (0.00s)
    --- PASS: TestTokenize/What's_on_second? (0.00s)
    --- PASS: TestTokenize/<empty> (0.00s)
=== RUN   ExampleTokenize
--- PASS: ExampleTokenize (0.00s)
PASS
After main
ok  	github.com/353solutions/nlp	0.003s
=== RUN   TestStemmer
--- PASS: TestStemmer (0.00s)
PASS
ok  	github.com/353solutions/nlp/stemmer	0.010s
nlp on î‚  gcil2021 [âœ˜!?] via go v1.15.8 
â® make test

nlp on î‚  gcil2021 [âœ˜!?] via go v1.15.8 
$ go test --json -v ./...                                                                                 130 â†µ
{"Time":"2021-02-11T11:51:31.536635772+02:00","Action":"run","Package":"github.com/353solutions/nlp/stemmer","Test":"TestStemmer"}
{"Time":"2021-02-11T11:51:31.536787107+02:00","Action":"output","Package":"github.com/353solutions/nlp/stemmer","Test":"TestStemmer","Output":"=== RUN   TestStemmer\n"}
{"Time":"2021-02-11T11:51:31.536806695+02:00","Action":"output","Package":"github.com/353solutions/nlp/stemmer","Test":"TestStemmer","Output":"--- PASS: TestStemmer (0.00s)\n"}
{"Time":"2021-02-11T11:51:31.53681544+02:00","Action":"pass","Package":"github.com/353solutions/nlp/stemmer","Test":"TestStemmer","Elapsed":0}
{"Time":"2021-02-11T11:51:31.536824487+02:00","Action":"output","Package":"github.com/353solutions/nlp/stemmer","Output":"PASS\n"}
{"Time":"2021-02-11T11:51:31.537405002+02:00","Action":"output","Package":"github.com/353solutions/nlp/stemmer","Output":"ok  \tgithub.com/353solutions/nlp/stemmer\t0.002s\n"}
{"Time":"2021-02-11T11:51:31.537831457+02:00","Action":"pass","Package":"github.com/353solutions/nlp/stemmer","Elapsed":0.003}
{"Time":"2021-02-11T11:51:31.704643695+02:00","Action":"output","Package":"github.com/353solutions/nlp","Output":"Before main\n"}
{"Time":"2021-02-11T11:51:31.704687199+02:00","Action":"run","Package":"github.com/353solutions/nlp","Test":"TestTokenizeFuzz"}
{"Time":"2021-02-11T11:51:31.704696067+02:00","Action":"output","Package":"github.com/353solutions/nlp","Test":"TestTokenizeFuzz","Output":"=== RUN   TestTokenizeFuzz\n"}
{"Time":"2021-02-11T11:51:31.705281474+02:00","Action":"output","Package":"github.com/353solutions/nlp","Test":"TestTokenizeFuzz","Output":"--- PASS: TestTokenizeFuzz (0.00s)\n"}
{"Time":"2021-02-11T11:51:31.705296857+02:00","Action":"pass","Package":"github.com/353solutions/nlp","Test":"TestTokenizeFuzz","Elapsed":0}
{"Time":"2021-02-11T11:51:31.705304191+02:00","Action":"run","Package":"github.com/353solutions/nlp","Test":"TestTokenize"}
{"Time":"2021-02-11T11:51:31.705308484+02:00","Action":"output","Package":"github.com/353solutions/nlp","Test":"TestTokenize","Output":"=== RUN   TestTokenize\n"}
{"Time":"2021-02-11T11:51:31.705418163+02:00","Action":"run","Package":"github.com/353solutions/nlp","Test":"TestTokenize/hi"}
{"Time":"2021-02-11T11:51:31.705448536+02:00","Action":"output","Package":"github.com/353solutions/nlp","Test":"TestTokenize/hi","Output":"=== RUN   TestTokenize/hi\n"}
{"Time":"2021-02-11T11:51:31.705458043+02:00","Action":"run","Package":"github.com/353solutions/nlp","Test":"TestTokenize/HI"}
{"Time":"2021-02-11T11:51:31.705464504+02:00","Action":"output","Package":"github.com/353solutions/nlp","Test":"TestTokenize/HI","Output":"=== RUN   TestTokenize/HI\n"}
{"Time":"2021-02-11T11:51:31.705489626+02:00","Action":"run","Package":"github.com/353solutions/nlp","Test":"TestTokenize/What's_on_second?"}
{"Time":"2021-02-11T11:51:31.705496715+02:00","Action":"output","Package":"github.com/353solutions/nlp","Test":"TestTokenize/What's_on_second?","Output":"=== RUN   TestTokenize/What's_on_second?\n"}
{"Time":"2021-02-11T11:51:31.70552155+02:00","Action":"run","Package":"github.com/353solutions/nlp","Test":"TestTokenize/\u003cempty\u003e"}
{"Time":"2021-02-11T11:51:31.705529365+02:00","Action":"output","Package":"github.com/353solutions/nlp","Test":"TestTokenize/\u003cempty\u003e","Output":"=== RUN   TestTokenize/\u003cempty\u003e\n"}
{"Time":"2021-02-11T11:51:31.705551374+02:00","Action":"output","Package":"github.com/353solutions/nlp","Test":"TestTokenize","Output":"--- PASS: TestTokenize (0.00s)\n"}
{"Time":"2021-02-11T11:51:31.705558356+02:00","Action":"output","Package":"github.com/353solutions/nlp","Test":"TestTokenize/hi","Output":"    --- PASS: TestTokenize/hi (0.00s)\n"}
{"Time":"2021-02-11T11:51:31.705563158+02:00","Action":"pass","Package":"github.com/353solutions/nlp","Test":"TestTokenize/hi","Elapsed":0}
{"Time":"2021-02-11T11:51:31.705567247+02:00","Action":"output","Package":"github.com/353solutions/nlp","Test":"TestTokenize/HI","Output":"    --- PASS: TestTokenize/HI (0.00s)\n"}
{"Time":"2021-02-11T11:51:31.70557337+02:00","Action":"pass","Package":"github.com/353solutions/nlp","Test":"TestTokenize/HI","Elapsed":0}
{"Time":"2021-02-11T11:51:31.705579123+02:00","Action":"output","Package":"github.com/353solutions/nlp","Test":"TestTokenize/What's_on_second?","Output":"    --- PASS: TestTokenize/What's_on_second? (0.00s)\n"}
{"Time":"2021-02-11T11:51:31.705584637+02:00","Action":"pass","Package":"github.com/353solutions/nlp","Test":"TestTokenize/What's_on_second?","Elapsed":0}
{"Time":"2021-02-11T11:51:31.705589045+02:00","Action":"output","Package":"github.com/353solutions/nlp","Test":"TestTokenize/\u003cempty\u003e","Output":"    --- PASS: TestTokenize/\u003cempty\u003e (0.00s)\n"}
{"Time":"2021-02-11T11:51:31.705596425+02:00","Action":"pass","Package":"github.com/353solutions/nlp","Test":"TestTokenize/\u003cempty\u003e","Elapsed":0}
{"Time":"2021-02-11T11:51:31.705600461+02:00","Action":"pass","Package":"github.com/353solutions/nlp","Test":"TestTokenize","Elapsed":0}
{"Time":"2021-02-11T11:51:31.705605788+02:00","Action":"run","Package":"github.com/353solutions/nlp","Test":"ExampleTokenize"}
{"Time":"2021-02-11T11:51:31.705609629+02:00","Action":"output","Package":"github.com/353solutions/nlp","Test":"ExampleTokenize","Output":"=== RUN   ExampleTokenize\n"}
{"Time":"2021-02-11T11:51:31.705630179+02:00","Action":"output","Package":"github.com/353solutions/nlp","Test":"ExampleTokenize","Output":"--- PASS: ExampleTokenize (0.00s)\n"}
{"Time":"2021-02-11T11:51:31.705640192+02:00","Action":"pass","Package":"github.com/353solutions/nlp","Test":"ExampleTokenize","Elapsed":0}
{"Time":"2021-02-11T11:51:31.705648673+02:00","Action":"output","Package":"github.com/353solutions/nlp","Output":"PASS\n"}
{"Time":"2021-02-11T11:51:31.705657639+02:00","Action":"output","Package":"github.com/353solutions/nlp","Output":"After main\n"}
{"Time":"2021-02-11T11:51:31.706394022+02:00","Action":"output","Package":"github.com/353solutions/nlp","Output":"ok  \tgithub.com/353solutions/nlp\t0.005s\n"}
{"Time":"2021-02-11T11:51:31.706915302+02:00","Action":"pass","Package":"github.com/353solutions/nlp","Elapsed":0.006}
nlp on î‚  gcil2021 [âœ˜!?] via go v1.15.8 
â® go test --json ./...   
{"Time":"2021-02-11T11:52:03.942618305+02:00","Action":"run","Package":"github.com/353solutions/nlp/stemmer","Test":"TestStemmer"}
{"Time":"2021-02-11T11:52:03.942768859+02:00","Action":"output","Package":"github.com/353solutions/nlp/stemmer","Test":"TestStemmer","Output":"=== RUN   TestStemmer\n"}
{"Time":"2021-02-11T11:52:03.942789718+02:00","Action":"output","Package":"github.com/353solutions/nlp/stemmer","Test":"TestStemmer","Output":"--- PASS: TestStemmer (0.00s)\n"}
{"Time":"2021-02-11T11:52:03.942798812+02:00","Action":"pass","Package":"github.com/353solutions/nlp/stemmer","Test":"TestStemmer","Elapsed":0}
{"Time":"2021-02-11T11:52:03.942808177+02:00","Action":"output","Package":"github.com/353solutions/nlp/stemmer","Output":"PASS\n"}
{"Time":"2021-02-11T11:52:03.94434546+02:00","Action":"output","Package":"github.com/353solutions/nlp/stemmer","Output":"ok  \tgithub.com/353solutions/nlp/stemmer\t0.005s\n"}
{"Time":"2021-02-11T11:52:03.944781284+02:00","Action":"pass","Package":"github.com/353solutions/nlp/stemmer","Elapsed":0.006}
{"Time":"2021-02-11T11:52:04.100444398+02:00","Action":"output","Package":"github.com/353solutions/nlp","Output":"Before main\n"}
{"Time":"2021-02-11T11:52:04.100547573+02:00","Action":"run","Package":"github.com/353solutions/nlp","Test":"TestTokenizeFuzz"}
{"Time":"2021-02-11T11:52:04.100562554+02:00","Action":"output","Package":"github.com/353solutions/nlp","Test":"TestTokenizeFuzz","Output":"=== RUN   TestTokenizeFuzz\n"}
{"Time":"2021-02-11T11:52:04.101287661+02:00","Action":"output","Package":"github.com/353solutions/nlp","Test":"TestTokenizeFuzz","Output":"--- PASS: TestTokenizeFuzz (0.00s)\n"}
{"Time":"2021-02-11T11:52:04.10131255+02:00","Action":"pass","Package":"github.com/353solutions/nlp","Test":"TestTokenizeFuzz","Elapsed":0}
{"Time":"2021-02-11T11:52:04.101326595+02:00","Action":"run","Package":"github.com/353solutions/nlp","Test":"TestTokenize"}
{"Time":"2021-02-11T11:52:04.1013343+02:00","Action":"output","Package":"github.com/353solutions/nlp","Test":"TestTokenize","Output":"=== RUN   TestTokenize\n"}
{"Time":"2021-02-11T11:52:04.101462049+02:00","Action":"run","Package":"github.com/353solutions/nlp","Test":"TestTokenize/hi"}
{"Time":"2021-02-11T11:52:04.101472302+02:00","Action":"output","Package":"github.com/353solutions/nlp","Test":"TestTokenize/hi","Output":"=== RUN   TestTokenize/hi\n"}
{"Time":"2021-02-11T11:52:04.101813578+02:00","Action":"run","Package":"github.com/353solutions/nlp","Test":"TestTokenize/HI"}
{"Time":"2021-02-11T11:52:04.101828145+02:00","Action":"output","Package":"github.com/353solutions/nlp","Test":"TestTokenize/HI","Output":"=== RUN   TestTokenize/HI\n"}
{"Time":"2021-02-11T11:52:04.101837429+02:00","Action":"run","Package":"github.com/353solutions/nlp","Test":"TestTokenize/What's_on_second?"}
{"Time":"2021-02-11T11:52:04.101844102+02:00","Action":"output","Package":"github.com/353solutions/nlp","Test":"TestTokenize/What's_on_second?","Output":"=== RUN   TestTokenize/What's_on_second?\n"}
{"Time":"2021-02-11T11:52:04.101855284+02:00","Action":"run","Package":"github.com/353solutions/nlp","Test":"TestTokenize/\u003cempty\u003e"}
{"Time":"2021-02-11T11:52:04.10186181+02:00","Action":"output","Package":"github.com/353solutions/nlp","Test":"TestTokenize/\u003cempty\u003e","Output":"=== RUN   TestTokenize/\u003cempty\u003e\n"}
{"Time":"2021-02-11T11:52:04.101870832+02:00","Action":"output","Package":"github.com/353solutions/nlp","Test":"TestTokenize","Output":"--- PASS: TestTokenize (0.00s)\n"}
{"Time":"2021-02-11T11:52:04.101878619+02:00","Action":"output","Package":"github.com/353solutions/nlp","Test":"TestTokenize/hi","Output":"    --- PASS: TestTokenize/hi (0.00s)\n"}
{"Time":"2021-02-11T11:52:04.101885716+02:00","Action":"pass","Package":"github.com/353solutions/nlp","Test":"TestTokenize/hi","Elapsed":0}
{"Time":"2021-02-11T11:52:04.101892995+02:00","Action":"output","Package":"github.com/353solutions/nlp","Test":"TestTokenize/HI","Output":"    --- PASS: TestTokenize/HI (0.00s)\n"}
{"Time":"2021-02-11T11:52:04.101899582+02:00","Action":"pass","Package":"github.com/353solutions/nlp","Test":"TestTokenize/HI","Elapsed":0}
{"Time":"2021-02-11T11:52:04.101905918+02:00","Action":"output","Package":"github.com/353solutions/nlp","Test":"TestTokenize/What's_on_second?","Output":"    --- PASS: TestTokenize/What's_on_second? (0.00s)\n"}
{"Time":"2021-02-11T11:52:04.101913807+02:00","Action":"pass","Package":"github.com/353solutions/nlp","Test":"TestTokenize/What's_on_second?","Elapsed":0}
{"Time":"2021-02-11T11:52:04.101920168+02:00","Action":"output","Package":"github.com/353solutions/nlp","Test":"TestTokenize/\u003cempty\u003e","Output":"    --- PASS: TestTokenize/\u003cempty\u003e (0.00s)\n"}
{"Time":"2021-02-11T11:52:04.10192755+02:00","Action":"pass","Package":"github.com/353solutions/nlp","Test":"TestTokenize/\u003cempty\u003e","Elapsed":0}
{"Time":"2021-02-11T11:52:04.101933902+02:00","Action":"pass","Package":"github.com/353solutions/nlp","Test":"TestTokenize","Elapsed":0}
{"Time":"2021-02-11T11:52:04.101939812+02:00","Action":"run","Package":"github.com/353solutions/nlp","Test":"ExampleTokenize"}
{"Time":"2021-02-11T11:52:04.101945594+02:00","Action":"output","Package":"github.com/353solutions/nlp","Test":"ExampleTokenize","Output":"=== RUN   ExampleTokenize\n"}
{"Time":"2021-02-11T11:52:04.101952991+02:00","Action":"output","Package":"github.com/353solutions/nlp","Test":"ExampleTokenize","Output":"--- PASS: ExampleTokenize (0.00s)\n"}
{"Time":"2021-02-11T11:52:04.10196153+02:00","Action":"pass","Package":"github.com/353solutions/nlp","Test":"ExampleTokenize","Elapsed":0}
{"Time":"2021-02-11T11:52:04.101968194+02:00","Action":"output","Package":"github.com/353solutions/nlp","Output":"PASS\n"}
{"Time":"2021-02-11T11:52:04.101974642+02:00","Action":"output","Package":"github.com/353solutions/nlp","Output":"After main\n"}
{"Time":"2021-02-11T11:52:04.102961289+02:00","Action":"output","Package":"github.com/353solutions/nlp","Output":"ok  \tgithub.com/353solutions/nlp\t0.006s\n"}
{"Time":"2021-02-11T11:52:04.103381125+02:00","Action":"pass","Package":"github.com/353solutions/nlp","Elapsed":0.006}
nlp on î‚  gcil2021 [âœ˜!?] via go v1.15.8 
â® go test ./...     
ok  	github.com/353solutions/nlp	0.004s
ok  	github.com/353solutions/nlp/stemmer	0.006s

nlp on î‚  gcil2021 [âœ˜!?] via go v1.15.8 
$ go test ./...
ok  	github.com/353solutions/nlp	(cached)
--- FAIL: TestStemmer (0.00s)
    stemmer_test.go:8: oops
FAIL
FAIL	github.com/353solutions/nlp/stemmer	0.002s
FAIL

nlp on î‚  gcil2021 [âœ˜!?] via go v1.15.8 
$ go ..                                                                                                     1 â†µ

nlp on î‚  gcil2021 [âœ˜!?] via go v1.15.8 
$ cp ../data/gen_stop.go .                                                                                130 â†µ

nlp on î‚  gcil2021 [âœ˜!?] via go v1.15.8 
$go run gen_stop.go < stemmer/

nlp on î‚  gcil2021 [âœ˜!?] via go v1.15.8 
$ cp ../data/stop_words.txt .                                                                             130 â†µ

nlp on î‚  gcil2021 [âœ˜!?] via go v1.15.8 
$ go run gen_stop.go < stop_words.txt > stop_words.go

nlp on î‚  gcil2021 [âœ˜!?] via go v1.15.8 
$ go build      

nlp on î‚  gcil2021 [âœ˜!?] via go v1.15.8 
$ go generate 

nlp on î‚  gcil2021 [âœ˜!?] via go v1.15.8 
$ go generate
hi

nlp on î‚  gcil2021 [âœ˜!?] via go v1.15.8 
$ go build   

nlp on î‚  gcil2021 [âœ˜!?] via go v1.15.8 
$go generate
hi

nlp on î‚  gcil2021 [âœ˜!?] via go v1.15.8 
â® go generate

nlp on î‚  gcil2021 [âœ˜!?] via go v1.15.8 
$ tree 
.
â”œâ”€â”€ doc.go
â”œâ”€â”€ example_test.go
â”œâ”€â”€ gen_stop.go
â”œâ”€â”€ go.mod
â”œâ”€â”€ go.sum
â”œâ”€â”€ LICENSE.txt
â”œâ”€â”€ Makefile
â”œâ”€â”€ nlp.go
â”œâ”€â”€ nlp_test.go
â”œâ”€â”€ README.md
â”œâ”€â”€ stemmer
â”‚Â Â  â”œâ”€â”€ stemmer.go
â”‚Â Â  â””â”€â”€ stemmer_test.go
â”œâ”€â”€ stop_words.go
â”œâ”€â”€ stop_words.txt
â””â”€â”€ testdata
    â””â”€â”€ tokenizer_cases.json

2 directories, 15 files
nlp on î‚  gcil2021 [âœ˜!?] via go v1.15.8 
$ make stop_words.go 
make: 'stop_words.go' is up to date.

nlp on î‚  gcil2021 [âœ˜!?] via go v1.15.8 
$ touch stop_words.txt 

nlp on î‚  gcil2021 [âœ˜!?] via go v1.15.8 
â® make stop_words.go  
go generate

nlp on î‚  gcil2021 [âœ˜!?] via go v1.15.8 
$ make
make: 'stop_words.go' is up to date.

nlp on î‚  gcil2021 [âœ˜!?] via go v1.15.8 
$ make
Makefile:2: *** please pick a target.  Stop.

nlp on î‚  gcil2021 [âœ˜!?] via go v1.15.8 
$ go test --tags ci                                                                                         2 â†µBefore main
--- FAIL: TestTokenize (0.00s)
    --- FAIL: TestTokenize/What's_on_second? (0.00s)
        nlp_test.go:76: 
            	Error Trace:	nlp_test.go:76
            	Error:      	Not equal: 
            	            	expected: []string{"what", "on", "second"}
            	            	actual  : []string{"second"}
            	            	
            	            	Diff:
            	            	--- Expected
            	            	+++ Actual
            	            	@@ -1,4 +1,2 @@
            	            	-([]string) (len=3) {
            	            	- (string) (len=4) "what",
            	            	- (string) (len=2) "on",
            	            	+([]string) (len=1) {
            	            	  (string) (len=6) "second"
            	Test:       	TestTokenize/What's_on_second?
--- FAIL: ExampleTokenize (0.00s)
got:
[hi feel today]
want:
[hi how are you feel today]
FAIL
After main
exit status 1
FAIL	github.com/353solutions/nlp	0.004s
nlp on î‚  gcil2021 [âœ˜!?] via go v1.15.8 
$ make test                                                                                                 1 â†µ
golangci-lint run .
go test -v ./...
Before main
=== RUN   TestTokenizeFuzz
--- PASS: TestTokenizeFuzz (0.00s)
=== RUN   TestTokenize
=== RUN   TestTokenize/hi
=== RUN   TestTokenize/HI
=== RUN   TestTokenize/What's_on_second?
=== RUN   TestTokenize/<empty>
--- PASS: TestTokenize (0.00s)
    --- PASS: TestTokenize/hi (0.00s)
    --- PASS: TestTokenize/HI (0.00s)
    --- PASS: TestTokenize/What's_on_second? (0.00s)
    --- PASS: TestTokenize/<empty> (0.00s)
=== RUN   ExampleTokenize
--- FAIL: ExampleTokenize (0.00s)
got:
[hi feel today]
want:
[hi how are you feel today]
FAIL
After main
FAIL	github.com/353solutions/nlp	0.003s
=== RUN   TestStemmer
--- PASS: TestStemmer (0.00s)
PASS
ok  	github.com/353solutions/nlp/stemmer	(cached)
FAIL
make: *** [Makefile:9: test] Error 1
nlp on î‚  gcil2021 [âœ˜!?] via go v1.15.8 
$ make test                                                                                                 2 â†µ
golangci-lint run .
go test -v ./...
Before main
=== RUN   TestTokenizeFuzz
--- PASS: TestTokenizeFuzz (0.00s)
=== RUN   TestTokenize
=== RUN   TestTokenize/hi
=== RUN   TestTokenize/HI
=== RUN   TestTokenize/What's_on_second?
=== RUN   TestTokenize/<empty>
--- PASS: TestTokenize (0.00s)
    --- PASS: TestTokenize/hi (0.00s)
    --- PASS: TestTokenize/HI (0.00s)
    --- PASS: TestTokenize/What's_on_second? (0.00s)
    --- PASS: TestTokenize/<empty> (0.00s)
=== RUN   ExampleTokenize
--- PASS: ExampleTokenize (0.00s)
PASS
After main
ok  	github.com/353solutions/nlp	0.003s
=== RUN   TestStemmer
--- PASS: TestStemmer (0.00s)
PASS
ok  	github.com/353solutions/nlp/stemmer	(cached)
nlp on î‚  gcil2021 [âœ˜!?] via go v1.15.8 
$ :w
zsh: command not found: :w

nlp on î‚  gcil2021 [âœ˜!?] via go v1.15.8 
$ ls                                                                                                      127 â†µ
doc.go           gen_stop.go  go.sum       Makefile  nlp_test.go  stemmer        stop_words.txt
example_test.go  go.mod       LICENSE.txt  nlp.go    README.md    stop_words.go  testdata

nlp on î‚  gcil2021 [âœ˜!?] via go v1.15.8 
$ tree
.
â”œâ”€â”€ doc.go
â”œâ”€â”€ example_test.go
â”œâ”€â”€ gen_stop.go
â”œâ”€â”€ go.mod
â”œâ”€â”€ go.sum
â”œâ”€â”€ LICENSE.txt
â”œâ”€â”€ Makefile
â”œâ”€â”€ nlp.go
â”œâ”€â”€ nlp_test.go
â”œâ”€â”€ README.md
â”œâ”€â”€ stemmer
â”‚Â Â  â”œâ”€â”€ stemmer.go
â”‚Â Â  â””â”€â”€ stemmer_test.go
â”œâ”€â”€ stop_words.go
â”œâ”€â”€ stop_words.txt
â””â”€â”€ testdata
    â””â”€â”€ tokenizer_cases.json

2 directories, 15 files
nlp on î‚  gcil2021 [âœ˜!?] via go v1.15.8 
$ mkdir cmd/nlpd
mkdir: cannot create directory â€˜cmd/nlpdâ€™: No such file or directory

nlp on î‚  gcil2021 [âœ˜!?] via go v1.15.8 
$ mkdir -p cmd/nlpd                                                                                         1 â†µ

nlp on î‚  gcil2021 [âœ˜!?] via go v1.15.8 
$ cp ../data/nlpd.go cmd/nlpd 

nlp on î‚  gcil2021 [âœ˜!?] via go v1.15.8 
$ go build ./..
no Go files in /home/miki/Teaching/the-daily-go

nlp on î‚  gcil2021 [âœ˜!?] via go v1.15.8 
$ ls                                                                                                        1 â†µ
cmd     example_test.go  go.mod  LICENSE.txt  nlp.go       README.md  stop_words.go   testdata
doc.go  gen_stop.go      go.sum  Makefile     nlp_test.go  stemmer    stop_words.txt

nlp on î‚  gcil2021 [âœ˜!?] via go v1.15.8 
$ go build ./...
nlp on î‚  gcil2021 [âœ˜!?] via go v1.15.8 
$ ls
cmd     example_test.go  go.mod  LICENSE.txt  nlp.go       README.md  stop_words.go   testdata
doc.go  gen_stop.go      go.sum  Makefile     nlp_test.go  stemmer    stop_words.txt

nlp on î‚  gcil2021 [âœ˜!?] via go v1.15.8 
$ ls cmd/nlpd 
nlpd.go

nlp on î‚  gcil2021 [âœ˜!?] via go v1.15.8 
$ ls cmd/
nlpd

nlp on î‚  gcil2021 [âœ˜!?] via go v1.15.8 
$ go build ./cmd/nlpd 

nlp on î‚  gcil2021 [âœ˜!?] via go v1.15.8 
$ ls
cmd     example_test.go  go.mod  LICENSE.txt  nlpd    nlp_test.go  stemmer        stop_words.txt
doc.go  gen_stop.go      go.sum  Makefile     nlp.go  README.md    stop_words.go  testdata

nlp on î‚  gcil2021 [âœ˜!?] via go v1.15.8 
$go run ./cmd/nlpd 
^Csignal: interrupt

nlp on î‚  gcil2021 [âœ˜!?] via go v1.15.8 took 8s 
$ rm nlpd                                                                                                   1 â†µ

nlp on î‚  gcil2021 [âœ˜!?] via go v1.15.8 
$ go run ./cmd/nlpd 
^Csignal: interrupt

nlp on î‚  gcil2021 [âœ˜!?] via go v1.15.8 took 4m7s 
â® go run ./cmd/nlpd                                                                                         1 â†µ
2021/02/11 12:29:01 server ready on :8080
^Csignal: interrupt

nlp on î‚  gcil2021 [âœ˜!?] via go v1.15.8 took 40s 
$ cat go                                                                                                    1 â†µ

nlp on î‚  gcil2021 [âœ˜!?] via go v1.15.8 
$ go mov vendor                                                                                           130 â†µ
go mov: unknown command
Run 'go help' for usage.
nlp on î‚  gcil2021 [âœ˜!?] via go v1.15.8 
â® go mod vendor                                                                                             2 â†µ

nlp on î‚  gcil2021 [âœ˜!?] via go v1.15.8 
$ ls
cmd     example_test.go  go.mod  LICENSE.txt  nlp.go       README.md  stop_words.go   testdata
doc.go  gen_stop.go      go.sum  Makefile     nlp_test.go  stemmer    stop_words.txt  vendor

nlp on î‚  gcil2021 [âœ˜!?] via go v1.15.8 
$ cat ../quotes/grove.txt   
Only the paranoid survive.
    - Andy Grove

nlp on î‚  gcil2021 [âœ˜!?] via go v1.15.8 
$